Component: ARM Compiler 5.06 update 4 (build 422) Tool: armlink [4d35d2]

==============================================================================

Section Cross References

    main.o(i.EXTI4_15_IRQHandler) refers to main.o(i._set_uart_mode_funcstate) for _set_uart_mode_funcstate
    main.o(i.EXTI4_15_IRQHandler) refers to main.o(.data) for UartFState_PrepareSending
    main.o(i.EXTI4_15_IRQHandler) refers to main.o(.bss) for btUartHandle
    main.o(i.ProcessUartIrq) refers to main.o(i.set_uart_funcstate) for set_uart_funcstate
    main.o(i.ProcessUartIrq) refers to uart.o(i.UartGetReceivedChar) for UartGetReceivedChar
    main.o(i.ProcessUartIrq) refers to main.o(.data) for UartFState_TC
    main.o(i.SysTick_Handler) refers to main.o(.data) for systick_ms_count
    main.o(i.USART3_8_IRQHandler) refers to main.o(i.ProcessUartIrq) for ProcessUartIrq
    main.o(i.USART3_8_IRQHandler) refers to main.o(.bss) for btUartHandle
    main.o(i.clear_data_rx) refers to main.o(i.clear_data_char_array) for clear_data_char_array
    main.o(i.clear_data_tx) refers to main.o(i.clear_data_char_array) for clear_data_char_array
    main.o(i.delay_led_ms) refers to main.o(.data) for led_ms_wait
    main.o(i.init_uart_handles) refers to main.o(i._set_uart_mode_funcstate) for _set_uart_mode_funcstate
    main.o(i.init_uart_handles) refers to main.o(i.clear_data_rx) for clear_data_rx
    main.o(i.init_uart_handles) refers to main.o(.bss) for btUartHandle
    main.o(i.init_uart_handles) refers to main.o(.data) for ary_bt_tx_data_1
    main.o(i.main) refers to clock.o(i.SetSysClock) for SetSysClock
    main.o(i.main) refers to system_stm32f0xx.o(i.SystemCoreClockUpdate) for SystemCoreClockUpdate
    main.o(i.main) refers to aeabi_sdiv.o(.text) for __aeabi_uidivmod
    main.o(i.main) refers to main.o(i.__NVIC_SetPriority) for __NVIC_SetPriority
    main.o(i.main) refers to rtc.o(i.INIT_RTC_LSE) for INIT_RTC_LSE
    main.o(i.main) refers to main.o(i.init_uart_handles) for init_uart_handles
    main.o(i.main) refers to exti.o(i.ConfigureGPIO) for ConfigureGPIO
    main.o(i.main) refers to exti.o(i.ConfigureExternalIT) for ConfigureExternalIT
    main.o(i.main) refers to uart.o(i.InitUart_7_8) for InitUart_7_8
    main.o(i.main) refers to main.o(i.BtUartFuncStateEnum) for BtUartFuncStateEnum
    main.o(i.main) refers to main.o(i.IsFuncState_uartPc_PrepareSending) for IsFuncState_uartPc_PrepareSending
    main.o(i.main) refers to main.o(i.IsFuncState_uartPc_Sending) for IsFuncState_uartPc_Sending
    main.o(i.main) refers to main.o(i.IsFuncState_uartPc_TcntSent) for IsFuncState_uartPc_TcntSent
    main.o(i.main) refers to main.o(i.IsFuncState_uartPc_TC) for IsFuncState_uartPc_TC
    main.o(i.main) refers to main.o(i.PcUartFuncStateEnum) for PcUartFuncStateEnum
    main.o(i.main) refers to system_stm32f0xx.o(.data) for SystemCoreClock
    main.o(i.main) refers to main.o(.bss) for btUartHandle
    main.o(i.prepare_ac_report_for_pc) refers to main.o(i.clear_data_tx) for clear_data_tx
    main.o(i.prepare_ac_report_for_pc) refers to main.o(.bss) for btUartHandle
    main.o(i.select_bt_rx_buff_size) refers to main.o(.bss) for btUartHandle
    uart.o(i.Configure_USART_7_8_IT) refers to uart.o(i.__NVIC_SetPriority) for __NVIC_SetPriority
    uart.o(i.InitUart_7_8) refers to uart.o(i.Configure_GPIO_USART7_BT) for Configure_GPIO_USART7_BT
    uart.o(i.InitUart_7_8) refers to uart.o(i.Configure_USART7_BT) for Configure_USART7_BT
    uart.o(i.InitUart_7_8) refers to uart.o(i.Configure_GPIO_USART8_PC) for Configure_GPIO_USART8_PC
    uart.o(i.InitUart_7_8) refers to uart.o(i.Configure_USART8_PC) for Configure_USART8_PC
    uart.o(i.InitUart_7_8) refers to uart.o(i.Configure_USART_7_8_IT) for Configure_USART_7_8_IT
    uart.o(i.UartGetReceivedChar) refers to uart.o(.data) for structReceivedChar
    uart.o(i.UartSendBytes) refers to uart.o(i.send_char) for send_char
    uart.o(i.UartSendBytes) refers to uart.o(i.send_cr) for send_cr
    uart.o(i.UartSendCharCR) refers to uart.o(i.send_char_cr) for send_char_cr
    uart.o(i.UartSendError) refers to uart.o(i.send_char) for send_char
    uart.o(i.UartSendError) refers to uart.o(i.send_char_cr) for send_char_cr
    uart.o(i.UartSendString) refers to uart.o(i.send_char) for send_char
    uart.o(i.UartSendString) refers to uart.o(i.send_cr) for send_cr
    exti.o(i.ConfigureExternalIT) refers to exti.o(i.__NVIC_SetPriority) for __NVIC_SetPriority
    rtc.o(i.GetCurDateTimeRTC_BIN) refers to rtc.o(i.rtc_bcd2byte) for rtc_bcd2byte
    rtc.o(i.INIT_RTC_LSE) refers to rtc.o(i.turn_rtc_lse_on) for turn_rtc_lse_on
    rtc.o(i.INIT_RTC_LSE) refers to rtc.o(i.enable_rtc_init_state) for enable_rtc_init_state
    rtc.o(i.INIT_RTC_LSE) refers to rtc.o(i.disable_rtc_init_state) for disable_rtc_init_state
    rtc.o(i.SetDateTimeRTC) refers to rtc.o(i.set_bcd_date_time) for set_bcd_date_time
    rtc.o(i.set_bcd_date_time) refers to rtc.o(i.enable_rtc_init_state) for enable_rtc_init_state
    rtc.o(i.set_bcd_date_time) refers to rtc.o(i.rtc_byte2bcd) for rtc_byte2bcd
    rtc.o(i.set_bcd_date_time) refers to rtc.o(i.disable_rtc_init_state) for disable_rtc_init_state
    tim_basic.o(i.InitTimBasic) refers to tim_basic.o(i.__NVIC_SetPriority) for __NVIC_SetPriority
    led.o(i.LedBlockIndicating) refers to main.o(i.delay_led_ms) for delay_led_ms
    startup_stm32f091xc.o(STACK) refers (Special) to heapauxi.o(.text) for __use_two_region_memory
    startup_stm32f091xc.o(HEAP) refers (Special) to heapauxi.o(.text) for __use_two_region_memory
    startup_stm32f091xc.o(RESET) refers (Special) to heapauxi.o(.text) for __use_two_region_memory
    startup_stm32f091xc.o(RESET) refers to startup_stm32f091xc.o(STACK) for __initial_sp
    startup_stm32f091xc.o(RESET) refers to startup_stm32f091xc.o(.text) for Reset_Handler
    startup_stm32f091xc.o(RESET) refers to main.o(i.NMI_Handler) for NMI_Handler
    startup_stm32f091xc.o(RESET) refers to main.o(i.HardFault_Handler) for HardFault_Handler
    startup_stm32f091xc.o(RESET) refers to main.o(i.SysTick_Handler) for SysTick_Handler
    startup_stm32f091xc.o(RESET) refers to main.o(i.EXTI4_15_IRQHandler) for EXTI4_15_IRQHandler
    startup_stm32f091xc.o(RESET) refers to main.o(i.USART3_8_IRQHandler) for USART3_8_IRQHandler
    startup_stm32f091xc.o(.text) refers (Special) to heapauxi.o(.text) for __use_two_region_memory
    startup_stm32f091xc.o(.text) refers to system_stm32f0xx.o(i.SystemInit) for SystemInit
    startup_stm32f091xc.o(.text) refers to __main.o(!!!main) for __main
    startup_stm32f091xc.o(.text) refers to startup_stm32f091xc.o(HEAP) for Heap_Mem
    startup_stm32f091xc.o(.text) refers to startup_stm32f091xc.o(STACK) for Stack_Mem
    system_stm32f0xx.o(i.SystemCoreClockUpdate) refers to aeabi_sdiv.o(.text) for __aeabi_uidivmod
    system_stm32f0xx.o(i.SystemCoreClockUpdate) refers to system_stm32f0xx.o(.data) for SystemCoreClock
    system_stm32f0xx.o(i.SystemCoreClockUpdate) refers to system_stm32f0xx.o(.constdata) for AHBPrescTable
    __main.o(!!!main) refers to __rtentry.o(.ARM.Collect$$rtentry$$00000000) for __rt_entry
    __rtentry.o(.ARM.Collect$$rtentry$$00000000) refers (Special) to __rtentry2.o(.ARM.Collect$$rtentry$$0000000A) for __rt_entry_li
    __rtentry.o(.ARM.Collect$$rtentry$$00000000) refers (Special) to __rtentry2.o(.ARM.Collect$$rtentry$$0000000D) for __rt_entry_main
    __rtentry.o(.ARM.Collect$$rtentry$$00000000) refers (Special) to __rtentry2.o(.ARM.Collect$$rtentry$$0000000C) for __rt_entry_postli_1
    __rtentry.o(.ARM.Collect$$rtentry$$00000000) refers (Special) to __rtentry2.o(.ARM.Collect$$rtentry$$00000009) for __rt_entry_postsh_1
    __rtentry.o(.ARM.Collect$$rtentry$$00000000) refers (Special) to __rtentry2.o(.ARM.Collect$$rtentry$$00000002) for __rt_entry_presh_1
    __rtentry.o(.ARM.Collect$$rtentry$$00000000) refers (Special) to __rtentry4.o(.ARM.Collect$$rtentry$$00000004) for __rt_entry_sh
    aeabi_idiv0_sigfpe.o(.text) refers to rt_div0.o(.text) for __rt_div0
    __rtentry2.o(.ARM.Collect$$rtentry$$00000008) refers to boardinit2.o(.text) for _platform_post_stackheap_init
    __rtentry2.o(.ARM.Collect$$rtentry$$0000000A) refers to libinit.o(.ARM.Collect$$libinit$$00000000) for __rt_lib_init
    __rtentry2.o(.ARM.Collect$$rtentry$$0000000B) refers to boardinit3.o(.text) for _platform_post_lib_init
    __rtentry2.o(.ARM.Collect$$rtentry$$0000000D) refers to main.o(i.main) for main
    __rtentry2.o(.ARM.Collect$$rtentry$$0000000D) refers to exit.o(.text) for exit
    __rtentry2.o(.ARM.exidx) refers to __rtentry2.o(.ARM.Collect$$rtentry$$00000001) for .ARM.Collect$$rtentry$$00000001
    __rtentry2.o(.ARM.exidx) refers to __rtentry2.o(.ARM.Collect$$rtentry$$00000008) for .ARM.Collect$$rtentry$$00000008
    __rtentry2.o(.ARM.exidx) refers to __rtentry2.o(.ARM.Collect$$rtentry$$0000000A) for .ARM.Collect$$rtentry$$0000000A
    __rtentry2.o(.ARM.exidx) refers to __rtentry2.o(.ARM.Collect$$rtentry$$0000000B) for .ARM.Collect$$rtentry$$0000000B
    __rtentry2.o(.ARM.exidx) refers to __rtentry2.o(.ARM.Collect$$rtentry$$0000000D) for .ARM.Collect$$rtentry$$0000000D
    __rtentry4.o(.ARM.Collect$$rtentry$$00000004) refers to sys_stackheap_outer.o(.text) for __user_setup_stackheap
    __rtentry4.o(.ARM.exidx) refers to __rtentry4.o(.ARM.Collect$$rtentry$$00000004) for .ARM.Collect$$rtentry$$00000004
    rt_div0.o(.text) refers to defsig_fpe_outer.o(.text) for __rt_SIGFPE
    sys_stackheap_outer.o(.text) refers to libspace.o(.text) for __user_perproc_libspace
    sys_stackheap_outer.o(.text) refers to startup_stm32f091xc.o(.text) for __user_initial_stackheap
    sys_stackheap_outer.o(__vectab_stack_and_reset_area) refers to tempstk.o(.text) for __temporary_stack_top
    sys_stackheap_outer.o(__vectab_stack_and_reset_area) refers to __main.o(!!!main) for __main
    exit.o(.text) refers to rtexit.o(.ARM.Collect$$rtexit$$00000000) for __rt_exit
    defsig_fpe_outer.o(.text) refers to defsig_fpe_inner.o(.text) for __rt_SIGFPE_inner
    defsig_fpe_outer.o(.text) refers to defsig_exit.o(.text) for __sig_exit
    defsig_fpe_formal.o(.text) refers to rt_raise.o(.text) for __rt_raise
    libinit.o(.ARM.Collect$$libinit$$00000000) refers (Special) to libinit2.o(.ARM.Collect$$libinit$$0000002E) for __rt_lib_init_alloca_1
    libinit.o(.ARM.Collect$$libinit$$00000000) refers (Special) to libinit2.o(.ARM.Collect$$libinit$$0000002C) for __rt_lib_init_argv_1
    libinit.o(.ARM.Collect$$libinit$$00000000) refers (Special) to libinit2.o(.ARM.Collect$$libinit$$0000001B) for __rt_lib_init_atexit_1
    libinit.o(.ARM.Collect$$libinit$$00000000) refers (Special) to libinit2.o(.ARM.Collect$$libinit$$00000021) for __rt_lib_init_clock_1
    libinit.o(.ARM.Collect$$libinit$$00000000) refers (Special) to libinit2.o(.ARM.Collect$$libinit$$00000032) for __rt_lib_init_cpp_1
    libinit.o(.ARM.Collect$$libinit$$00000000) refers (Special) to libinit2.o(.ARM.Collect$$libinit$$00000030) for __rt_lib_init_exceptions_1
    libinit.o(.ARM.Collect$$libinit$$00000000) refers (Special) to libinit2.o(.ARM.Collect$$libinit$$00000002) for __rt_lib_init_fp_1
    libinit.o(.ARM.Collect$$libinit$$00000000) refers (Special) to libinit2.o(.ARM.Collect$$libinit$$0000001F) for __rt_lib_init_fp_trap_1
    libinit.o(.ARM.Collect$$libinit$$00000000) refers (Special) to libinit2.o(.ARM.Collect$$libinit$$00000023) for __rt_lib_init_getenv_1
    libinit.o(.ARM.Collect$$libinit$$00000000) refers (Special) to libinit2.o(.ARM.Collect$$libinit$$0000000A) for __rt_lib_init_heap_1
    libinit.o(.ARM.Collect$$libinit$$00000000) refers (Special) to libinit2.o(.ARM.Collect$$libinit$$00000011) for __rt_lib_init_lc_collate_1
    libinit.o(.ARM.Collect$$libinit$$00000000) refers (Special) to libinit2.o(.ARM.Collect$$libinit$$00000013) for __rt_lib_init_lc_ctype_1
    libinit.o(.ARM.Collect$$libinit$$00000000) refers (Special) to libinit2.o(.ARM.Collect$$libinit$$00000015) for __rt_lib_init_lc_monetary_1
    libinit.o(.ARM.Collect$$libinit$$00000000) refers (Special) to libinit2.o(.ARM.Collect$$libinit$$00000017) for __rt_lib_init_lc_numeric_1
    libinit.o(.ARM.Collect$$libinit$$00000000) refers (Special) to libinit2.o(.ARM.Collect$$libinit$$00000019) for __rt_lib_init_lc_time_1
    libinit.o(.ARM.Collect$$libinit$$00000000) refers (Special) to libinit2.o(.ARM.Collect$$libinit$$00000004) for __rt_lib_init_preinit_1
    libinit.o(.ARM.Collect$$libinit$$00000000) refers (Special) to libinit2.o(.ARM.Collect$$libinit$$0000000E) for __rt_lib_init_rand_1
    libinit.o(.ARM.Collect$$libinit$$00000000) refers (Special) to libinit2.o(.ARM.Collect$$libinit$$00000033) for __rt_lib_init_return
    libinit.o(.ARM.Collect$$libinit$$00000000) refers (Special) to libinit2.o(.ARM.Collect$$libinit$$0000001D) for __rt_lib_init_signal_1
    libinit.o(.ARM.Collect$$libinit$$00000000) refers (Special) to libinit2.o(.ARM.Collect$$libinit$$00000025) for __rt_lib_init_stdio_1
    libinit.o(.ARM.Collect$$libinit$$00000000) refers (Special) to libinit2.o(.ARM.Collect$$libinit$$0000000C) for __rt_lib_init_user_alloc_1
    libspace.o(.text) refers to libspace.o(.bss) for __libspace_start
    rtexit.o(.ARM.Collect$$rtexit$$00000000) refers (Special) to rtexit2.o(.ARM.Collect$$rtexit$$00000004) for __rt_exit_exit
    rtexit.o(.ARM.Collect$$rtexit$$00000000) refers (Special) to rtexit2.o(.ARM.Collect$$rtexit$$00000003) for __rt_exit_ls
    rtexit.o(.ARM.Collect$$rtexit$$00000000) refers (Special) to rtexit2.o(.ARM.Collect$$rtexit$$00000002) for __rt_exit_prels_1
    rtexit.o(.ARM.exidx) refers (Special) to rtexit2.o(.ARM.Collect$$rtexit$$00000004) for __rt_exit_exit
    rtexit.o(.ARM.exidx) refers (Special) to rtexit2.o(.ARM.Collect$$rtexit$$00000003) for __rt_exit_ls
    rtexit.o(.ARM.exidx) refers (Special) to rtexit2.o(.ARM.Collect$$rtexit$$00000002) for __rt_exit_prels_1
    rtexit.o(.ARM.exidx) refers to rtexit.o(.ARM.Collect$$rtexit$$00000000) for .ARM.Collect$$rtexit$$00000000
    rt_raise.o(.text) refers to __raise.o(.text) for __raise
    rt_raise.o(.text) refers to sys_exit.o(.text) for _sys_exit
    defsig_exit.o(.text) refers to sys_exit.o(.text) for _sys_exit
    defsig_fpe_inner.o(.text) refers to defsig_general.o(.text) for __default_signal_display
    libinit2.o(.ARM.Collect$$libinit$$00000010) refers to libinit2.o(.ARM.Collect$$libinit$$0000000F) for .ARM.Collect$$libinit$$0000000F
    libinit2.o(.ARM.Collect$$libinit$$00000012) refers to libinit2.o(.ARM.Collect$$libinit$$0000000F) for .ARM.Collect$$libinit$$0000000F
    libinit2.o(.ARM.Collect$$libinit$$00000014) refers to libinit2.o(.ARM.Collect$$libinit$$0000000F) for .ARM.Collect$$libinit$$0000000F
    libinit2.o(.ARM.Collect$$libinit$$00000016) refers to libinit2.o(.ARM.Collect$$libinit$$0000000F) for .ARM.Collect$$libinit$$0000000F
    libinit2.o(.ARM.Collect$$libinit$$00000018) refers to libinit2.o(.ARM.Collect$$libinit$$0000000F) for .ARM.Collect$$libinit$$0000000F
    libinit2.o(.ARM.Collect$$libinit$$00000026) refers to argv_veneer.o(.text) for __ARM_argv_veneer
    libinit2.o(.ARM.Collect$$libinit$$00000027) refers to argv_veneer.o(.text) for __ARM_argv_veneer
    sys_exit.o(.text) refers (Special) to use_no_semi.o(.text) for __I$use$semihosting
    sys_exit.o(.text) refers (Special) to indicate_semi.o(.text) for __semihosting_library_function
    rtexit2.o(.ARM.Collect$$rtexit$$00000003) refers to libshutdown.o(.ARM.Collect$$libshutdown$$00000000) for __rt_lib_shutdown
    rtexit2.o(.ARM.Collect$$rtexit$$00000004) refers to sys_exit.o(.text) for _sys_exit
    rtexit2.o(.ARM.exidx) refers to rtexit2.o(.ARM.Collect$$rtexit$$00000001) for .ARM.Collect$$rtexit$$00000001
    rtexit2.o(.ARM.exidx) refers to rtexit2.o(.ARM.Collect$$rtexit$$00000003) for .ARM.Collect$$rtexit$$00000003
    rtexit2.o(.ARM.exidx) refers to rtexit2.o(.ARM.Collect$$rtexit$$00000004) for .ARM.Collect$$rtexit$$00000004
    __raise.o(.text) refers to defsig.o(CL$$defsig) for __default_signal_handler
    defsig_general.o(.text) refers to sys_wrch.o(.text) for _ttywrch
    sys_wrch.o(.text) refers (Special) to use_no_semi.o(.text) for __I$use$semihosting
    sys_wrch.o(.text) refers (Special) to indicate_semi.o(.text) for __semihosting_library_function
    defsig.o(CL$$defsig) refers to defsig_fpe_inner.o(.text) for __rt_SIGFPE_inner
    defsig.o(CL$$defsig) refers to defsig_rtmem_inner.o(.text) for __rt_SIGRTMEM_inner
    _get_argv_nomalloc.o(.text) refers (Special) to hrguard.o(.text) for __heap_region$guard
    _get_argv_nomalloc.o(.text) refers to defsig_rtmem_outer.o(.text) for __rt_SIGRTMEM
    _get_argv_nomalloc.o(.text) refers to sys_command.o(.text) for _sys_command_string
    libshutdown.o(.ARM.Collect$$libshutdown$$00000000) refers (Special) to libshutdown2.o(.ARM.Collect$$libshutdown$$00000002) for __rt_lib_shutdown_cpp_1
    libshutdown.o(.ARM.Collect$$libshutdown$$00000000) refers (Special) to libshutdown2.o(.ARM.Collect$$libshutdown$$00000007) for __rt_lib_shutdown_fp_trap_1
    libshutdown.o(.ARM.Collect$$libshutdown$$00000000) refers (Special) to libshutdown2.o(.ARM.Collect$$libshutdown$$0000000F) for __rt_lib_shutdown_heap_1
    libshutdown.o(.ARM.Collect$$libshutdown$$00000000) refers (Special) to libshutdown2.o(.ARM.Collect$$libshutdown$$00000010) for __rt_lib_shutdown_return
    libshutdown.o(.ARM.Collect$$libshutdown$$00000000) refers (Special) to libshutdown2.o(.ARM.Collect$$libshutdown$$0000000A) for __rt_lib_shutdown_signal_1
    libshutdown.o(.ARM.Collect$$libshutdown$$00000000) refers (Special) to libshutdown2.o(.ARM.Collect$$libshutdown$$00000004) for __rt_lib_shutdown_stdio_1
    libshutdown.o(.ARM.Collect$$libshutdown$$00000000) refers (Special) to libshutdown2.o(.ARM.Collect$$libshutdown$$0000000C) for __rt_lib_shutdown_user_alloc_1
    sys_command.o(.text) refers (Special) to use_no_semi.o(.text) for __I$use$semihosting
    sys_command.o(.text) refers (Special) to indicate_semi.o(.text) for __semihosting_library_function
    defsig_abrt_inner.o(.text) refers to defsig_general.o(.text) for __default_signal_display
    defsig_rtred_inner.o(.text) refers to defsig_general.o(.text) for __default_signal_display
    defsig_rtmem_inner.o(.text) refers to defsig_general.o(.text) for __default_signal_display
    defsig_rtmem_outer.o(.text) refers to defsig_rtmem_inner.o(.text) for __rt_SIGRTMEM_inner
    defsig_rtmem_outer.o(.text) refers to defsig_exit.o(.text) for __sig_exit
    defsig_rtmem_formal.o(.text) refers to rt_raise.o(.text) for __rt_raise
    defsig_stak_inner.o(.text) refers to defsig_general.o(.text) for __default_signal_display
    defsig_pvfn_inner.o(.text) refers to defsig_general.o(.text) for __default_signal_display
    defsig_cppl_inner.o(.text) refers to defsig_general.o(.text) for __default_signal_display
    defsig_segv_inner.o(.text) refers to defsig_general.o(.text) for __default_signal_display
    defsig_other.o(.text) refers to defsig_general.o(.text) for __default_signal_display
    main.o(i.BtUartFuncStateEnum) refers to main.o(.bss) for btUartHandle
    main.o(i.PcUartFuncStateEnum) refers to main.o(.bss) for pcUartHandle
    main.o(i.IsFuncState_uartPc_PrepareSending) refers to main.o(i.PcUartFuncStateEnum) for PcUartFuncStateEnum
    main.o(i.IsFuncState_uartPc_Sending) refers to main.o(i.PcUartFuncStateEnum) for PcUartFuncStateEnum
    main.o(i.IsFuncState_uartPc_TcntSent) refers to main.o(i.PcUartFuncStateEnum) for PcUartFuncStateEnum
    main.o(i.IsFuncState_uartPc_TC) refers to main.o(i.PcUartFuncStateEnum) for PcUartFuncStateEnum
    uart.o(i.send_char_cr) refers to uart.o(i.send_char) for send_char
    uart.o(i.send_char_cr) refers to uart.o(i.send_cr) for send_cr


==============================================================================

Removing Unused input sections from the image.

    Removing main.o(.rev16_text), (4 bytes).
    Removing main.o(.revsh_text), (4 bytes).
    Removing main.o(i.StartSendUartData_IT), (32 bytes).
    Removing main.o(i.clear_data_tx), (20 bytes).
    Removing main.o(i.delay_led_ms), (24 bytes).
    Removing main.o(i.prepare_ac_report_for_pc), (64 bytes).
    Removing main.o(i.prepare_dt_asking_pc), (2 bytes).
    Removing main.o(i.select_bt_rx_buff_size), (48 bytes).
    Removing main.o(.constdata), (2 bytes).
    Removing uart.o(.rev16_text), (4 bytes).
    Removing uart.o(.revsh_text), (4 bytes).
    Removing uart.o(i.UartSendBytes), (44 bytes).
    Removing uart.o(i.UartSendCharCR), (16 bytes).
    Removing uart.o(i.UartSendError), (48 bytes).
    Removing uart.o(i.UartSendString), (44 bytes).
    Removing exti.o(.rev16_text), (4 bytes).
    Removing exti.o(.revsh_text), (4 bytes).
    Removing clock.o(.rev16_text), (4 bytes).
    Removing clock.o(.revsh_text), (4 bytes).
    Removing clock.o(.constdata), (4 bytes).
    Removing rtc.o(.rev16_text), (4 bytes).
    Removing rtc.o(.revsh_text), (4 bytes).
    Removing rtc.o(i.GetCurDateTimeRTC_BCD), (200 bytes).
    Removing rtc.o(i.GetCurDateTimeRTC_BIN), (172 bytes).
    Removing rtc.o(i.SetDateTimeRTC), (12 bytes).
    Removing rtc.o(i.rtc_bcd2byte), (26 bytes).
    Removing rtc.o(i.rtc_byte2bcd), (26 bytes).
    Removing rtc.o(i.set_bcd_date_time), (116 bytes).
    Removing tim_basic.o(.rev16_text), (4 bytes).
    Removing tim_basic.o(.revsh_text), (4 bytes).
    Removing tim_basic.o(i.InitTimBasic), (88 bytes).
    Removing tim_basic.o(i.__NVIC_SetPriority), (120 bytes).
    Removing iwdg.o(.rev16_text), (4 bytes).
    Removing iwdg.o(.revsh_text), (4 bytes).
    Removing iwdg.o(i.CheckResetIWFG), (16 bytes).
    Removing iwdg.o(i.ClearIWDGRSTF), (20 bytes).
    Removing iwdg.o(i.Configure_IWDG), (84 bytes).
    Removing led.o(.rev16_text), (4 bytes).
    Removing led.o(.revsh_text), (4 bytes).
    Removing led.o(i.LedBlockIndicating), (48 bytes).
    Removing debug.o(.rev16_text), (4 bytes).
    Removing debug.o(.revsh_text), (4 bytes).
    Removing debug.o(i.dbg_clear_dbg_cps_path), (50 bytes).
    Removing debug.o(i.dbg_set_check_point), (172 bytes).
    Removing system_stm32f0xx.o(.rev16_text), (4 bytes).
    Removing system_stm32f0xx.o(.revsh_text), (4 bytes).
    Removing uart.o(i.send_char), (18 bytes).
    Removing uart.o(i.send_cr), (20 bytes).
    Removing uart.o(i.send_char_cr), (22 bytes).

49 unused section(s) (total 1638 bytes) removed from the image.

==============================================================================

Image Symbol Table

    Local Symbols

    Symbol Name                              Value     Ov Type        Size  Object(Section)

    ../clib/../cmprslib/lz77c.c              0x00000000   Number         0  __dclz77c.o ABSOLUTE
    ../clib/angel/boardlib.s                 0x00000000   Number         0  boardshut.o ABSOLUTE
    ../clib/angel/boardlib.s                 0x00000000   Number         0  boardinit3.o ABSOLUTE
    ../clib/angel/boardlib.s                 0x00000000   Number         0  boardinit2.o ABSOLUTE
    ../clib/angel/boardlib.s                 0x00000000   Number         0  boardinit1.o ABSOLUTE
    ../clib/angel/handlers.s                 0x00000000   Number         0  __scatter_zi.o ABSOLUTE
    ../clib/angel/kernel.s                   0x00000000   Number         0  rtexit.o ABSOLUTE
    ../clib/angel/kernel.s                   0x00000000   Number         0  __rtentry.o ABSOLUTE
    ../clib/angel/kernel.s                   0x00000000   Number         0  __rtentry2.o ABSOLUTE
    ../clib/angel/kernel.s                   0x00000000   Number         0  __rtentry4.o ABSOLUTE
    ../clib/angel/kernel.s                   0x00000000   Number         0  rtexit2.o ABSOLUTE
    ../clib/angel/rt.s                       0x00000000   Number         0  rt_div0.o ABSOLUTE
    ../clib/angel/rt.s                       0x00000000   Number         0  rt_raise.o ABSOLUTE
    ../clib/angel/rt.s                       0x00000000   Number         0  aeabi_idiv0.o ABSOLUTE
    ../clib/angel/rt.s                       0x00000000   Number         0  aeabi_idiv0_sigfpe.o ABSOLUTE
    ../clib/angel/scatterp.s                 0x00000000   Number         0  __scatter.o ABSOLUTE
    ../clib/angel/startup.s                  0x00000000   Number         0  __main.o ABSOLUTE
    ../clib/angel/sys.s                      0x00000000   Number         0  tempstk.o ABSOLUTE
    ../clib/angel/sys.s                      0x00000000   Number         0  libspace.o ABSOLUTE
    ../clib/angel/sys.s                      0x00000000   Number         0  sys_stackheap_outer.o ABSOLUTE
    ../clib/angel/sys.s                      0x00000000   Number         0  indicate_semi.o ABSOLUTE
    ../clib/angel/sys.s                      0x00000000   Number         0  use_no_semi.o ABSOLUTE
    ../clib/angel/sysapp.c                   0x00000000   Number         0  sys_wrch.o ABSOLUTE
    ../clib/angel/sysapp.c                   0x00000000   Number         0  sys_exit.o ABSOLUTE
    ../clib/angel/sysapp.c                   0x00000000   Number         0  sys_command.o ABSOLUTE
    ../clib/armsys.c                         0x00000000   Number         0  no_argv.o ABSOLUTE
    ../clib/armsys.c                         0x00000000   Number         0  _get_argv_nomalloc.o ABSOLUTE
    ../clib/armsys.c                         0x00000000   Number         0  argv_veneer.o ABSOLUTE
    ../clib/division.s                       0x00000000   Number         0  aeabi_sdiv.o ABSOLUTE
    ../clib/division.s                       0x00000000   Number         0  aeabi_sdiv_div0.o ABSOLUTE
    ../clib/heapalloc.c                      0x00000000   Number         0  hrguard.o ABSOLUTE
    ../clib/heapaux.c                        0x00000000   Number         0  heapauxi.o ABSOLUTE
    ../clib/libinit.s                        0x00000000   Number         0  libshutdown.o ABSOLUTE
    ../clib/libinit.s                        0x00000000   Number         0  libshutdown2.o ABSOLUTE
    ../clib/libinit.s                        0x00000000   Number         0  libinit.o ABSOLUTE
    ../clib/libinit.s                        0x00000000   Number         0  libinit2.o ABSOLUTE
    ../clib/signal.c                         0x00000000   Number         0  defsig_rtmem_inner.o ABSOLUTE
    ../clib/signal.c                         0x00000000   Number         0  defsig_rtmem_outer.o ABSOLUTE
    ../clib/signal.c                         0x00000000   Number         0  defsig_rtmem_formal.o ABSOLUTE
    ../clib/signal.c                         0x00000000   Number         0  defsig_stak_inner.o ABSOLUTE
    ../clib/signal.c                         0x00000000   Number         0  defsig_pvfn_inner.o ABSOLUTE
    ../clib/signal.c                         0x00000000   Number         0  defsig_cppl_inner.o ABSOLUTE
    ../clib/signal.c                         0x00000000   Number         0  defsig_fpe_inner.o ABSOLUTE
    ../clib/signal.c                         0x00000000   Number         0  defsig_segv_inner.o ABSOLUTE
    ../clib/signal.c                         0x00000000   Number         0  defsig_other.o ABSOLUTE
    ../clib/signal.c                         0x00000000   Number         0  defsig_rtred_inner.o ABSOLUTE
    ../clib/signal.c                         0x00000000   Number         0  defsig_fpe_outer.o ABSOLUTE
    ../clib/signal.c                         0x00000000   Number         0  defsig_fpe_formal.o ABSOLUTE
    ../clib/signal.c                         0x00000000   Number         0  defsig_exit.o ABSOLUTE
    ../clib/signal.c                         0x00000000   Number         0  __raise.o ABSOLUTE
    ../clib/signal.c                         0x00000000   Number         0  defsig_general.o ABSOLUTE
    ../clib/signal.c                         0x00000000   Number         0  defsig_abrt_inner.o ABSOLUTE
    ../clib/signal.s                         0x00000000   Number         0  defsig.o ABSOLUTE
    ../clib/stdlib.c                         0x00000000   Number         0  exit.o ABSOLUTE
    ../fplib/cfplib/fpinit.c                 0x00000000   Number         0  fpinit.o ABSOLUTE
    RTE\Device\STM32F091RC\startup_stm32f091xc.s 0x00000000   Number         0  startup_stm32f091xc.o ABSOLUTE
    RTE\Device\STM32F091RC\system_stm32f0xx.c 0x00000000   Number         0  system_stm32f0xx.o ABSOLUTE
    RTE\\Device\\STM32F091RC\\system_stm32f0xx.c 0x00000000   Number         0  system_stm32f0xx.o ABSOLUTE
    dc.s                                     0x00000000   Number         0  dc.o ABSOLUTE
    user\\clock.c                            0x00000000   Number         0  clock.o ABSOLUTE
    user\\debug.c                            0x00000000   Number         0  debug.o ABSOLUTE
    user\\exti.c                             0x00000000   Number         0  exti.o ABSOLUTE
    user\\iwdg.c                             0x00000000   Number         0  iwdg.o ABSOLUTE
    user\\led.c                              0x00000000   Number         0  led.o ABSOLUTE
    user\\main.c                             0x00000000   Number         0  main.o ABSOLUTE
    user\\rtc.c                              0x00000000   Number         0  rtc.o ABSOLUTE
    user\\tim_basic.c                        0x00000000   Number         0  tim_basic.o ABSOLUTE
    user\\uart.c                             0x00000000   Number         0  uart.o ABSOLUTE
    user\clock.c                             0x00000000   Number         0  clock.o ABSOLUTE
    user\debug.c                             0x00000000   Number         0  debug.o ABSOLUTE
    user\exti.c                              0x00000000   Number         0  exti.o ABSOLUTE
    user\iwdg.c                              0x00000000   Number         0  iwdg.o ABSOLUTE
    user\led.c                               0x00000000   Number         0  led.o ABSOLUTE
    user\main.c                              0x00000000   Number         0  main.o ABSOLUTE
    user\rtc.c                               0x00000000   Number         0  rtc.o ABSOLUTE
    user\tim_basic.c                         0x00000000   Number         0  tim_basic.o ABSOLUTE
    user\uart.c                              0x00000000   Number         0  uart.o ABSOLUTE
    RESET                                    0x08000000   Section      188  startup_stm32f091xc.o(RESET)
    !!!main                                  0x080000bc   Section        8  __main.o(!!!main)
    !!!scatter                               0x080000c4   Section       60  __scatter.o(!!!scatter)
    !!handler_zi                             0x08000100   Section       28  __scatter_zi.o(!!handler_zi)
    .ARM.Collect$$libinit$$00000000          0x0800011c   Section        2  libinit.o(.ARM.Collect$$libinit$$00000000)
    .ARM.Collect$$libinit$$00000002          0x0800011e   Section        0  libinit2.o(.ARM.Collect$$libinit$$00000002)
    .ARM.Collect$$libinit$$00000004          0x0800011e   Section        0  libinit2.o(.ARM.Collect$$libinit$$00000004)
    .ARM.Collect$$libinit$$0000000A          0x0800011e   Section        0  libinit2.o(.ARM.Collect$$libinit$$0000000A)
    .ARM.Collect$$libinit$$0000000C          0x0800011e   Section        0  libinit2.o(.ARM.Collect$$libinit$$0000000C)
    .ARM.Collect$$libinit$$0000000E          0x0800011e   Section        0  libinit2.o(.ARM.Collect$$libinit$$0000000E)
    .ARM.Collect$$libinit$$00000011          0x0800011e   Section        0  libinit2.o(.ARM.Collect$$libinit$$00000011)
    .ARM.Collect$$libinit$$00000013          0x0800011e   Section        0  libinit2.o(.ARM.Collect$$libinit$$00000013)
    .ARM.Collect$$libinit$$00000015          0x0800011e   Section        0  libinit2.o(.ARM.Collect$$libinit$$00000015)
    .ARM.Collect$$libinit$$00000017          0x0800011e   Section        0  libinit2.o(.ARM.Collect$$libinit$$00000017)
    .ARM.Collect$$libinit$$00000019          0x0800011e   Section        0  libinit2.o(.ARM.Collect$$libinit$$00000019)
    .ARM.Collect$$libinit$$0000001B          0x0800011e   Section        0  libinit2.o(.ARM.Collect$$libinit$$0000001B)
    .ARM.Collect$$libinit$$0000001D          0x0800011e   Section        0  libinit2.o(.ARM.Collect$$libinit$$0000001D)
    .ARM.Collect$$libinit$$0000001F          0x0800011e   Section        0  libinit2.o(.ARM.Collect$$libinit$$0000001F)
    .ARM.Collect$$libinit$$00000021          0x0800011e   Section        0  libinit2.o(.ARM.Collect$$libinit$$00000021)
    .ARM.Collect$$libinit$$00000023          0x0800011e   Section        0  libinit2.o(.ARM.Collect$$libinit$$00000023)
    .ARM.Collect$$libinit$$00000025          0x0800011e   Section        0  libinit2.o(.ARM.Collect$$libinit$$00000025)
    .ARM.Collect$$libinit$$0000002C          0x0800011e   Section        0  libinit2.o(.ARM.Collect$$libinit$$0000002C)
    .ARM.Collect$$libinit$$0000002E          0x0800011e   Section        0  libinit2.o(.ARM.Collect$$libinit$$0000002E)
    .ARM.Collect$$libinit$$00000030          0x0800011e   Section        0  libinit2.o(.ARM.Collect$$libinit$$00000030)
    .ARM.Collect$$libinit$$00000032          0x0800011e   Section        0  libinit2.o(.ARM.Collect$$libinit$$00000032)
    .ARM.Collect$$libinit$$00000033          0x0800011e   Section        2  libinit2.o(.ARM.Collect$$libinit$$00000033)
    .ARM.Collect$$libshutdown$$00000000      0x08000120   Section        2  libshutdown.o(.ARM.Collect$$libshutdown$$00000000)
    .ARM.Collect$$libshutdown$$00000002      0x08000122   Section        0  libshutdown2.o(.ARM.Collect$$libshutdown$$00000002)
    .ARM.Collect$$libshutdown$$00000004      0x08000122   Section        0  libshutdown2.o(.ARM.Collect$$libshutdown$$00000004)
    .ARM.Collect$$libshutdown$$00000007      0x08000122   Section        0  libshutdown2.o(.ARM.Collect$$libshutdown$$00000007)
    .ARM.Collect$$libshutdown$$0000000A      0x08000122   Section        0  libshutdown2.o(.ARM.Collect$$libshutdown$$0000000A)
    .ARM.Collect$$libshutdown$$0000000C      0x08000122   Section        0  libshutdown2.o(.ARM.Collect$$libshutdown$$0000000C)
    .ARM.Collect$$libshutdown$$0000000F      0x08000122   Section        0  libshutdown2.o(.ARM.Collect$$libshutdown$$0000000F)
    .ARM.Collect$$libshutdown$$00000010      0x08000122   Section        2  libshutdown2.o(.ARM.Collect$$libshutdown$$00000010)
    .ARM.Collect$$rtentry$$00000000          0x08000124   Section        0  __rtentry.o(.ARM.Collect$$rtentry$$00000000)
    .ARM.Collect$$rtentry$$00000002          0x08000124   Section        0  __rtentry2.o(.ARM.Collect$$rtentry$$00000002)
    .ARM.Collect$$rtentry$$00000004          0x08000124   Section        6  __rtentry4.o(.ARM.Collect$$rtentry$$00000004)
    .ARM.Collect$$rtentry$$00000009          0x0800012a   Section        0  __rtentry2.o(.ARM.Collect$$rtentry$$00000009)
    .ARM.Collect$$rtentry$$0000000A          0x0800012a   Section        4  __rtentry2.o(.ARM.Collect$$rtentry$$0000000A)
    .ARM.Collect$$rtentry$$0000000C          0x0800012e   Section        0  __rtentry2.o(.ARM.Collect$$rtentry$$0000000C)
    .ARM.Collect$$rtentry$$0000000D          0x0800012e   Section        8  __rtentry2.o(.ARM.Collect$$rtentry$$0000000D)
    .ARM.Collect$$rtexit$$00000000           0x08000136   Section        2  rtexit.o(.ARM.Collect$$rtexit$$00000000)
    .ARM.Collect$$rtexit$$00000002           0x08000138   Section        0  rtexit2.o(.ARM.Collect$$rtexit$$00000002)
    .ARM.Collect$$rtexit$$00000003           0x08000138   Section        4  rtexit2.o(.ARM.Collect$$rtexit$$00000003)
    .ARM.Collect$$rtexit$$00000004           0x0800013c   Section        6  rtexit2.o(.ARM.Collect$$rtexit$$00000004)
    .text                                    0x08000144   Section       56  startup_stm32f091xc.o(.text)
    .text                                    0x0800017c   Section      346  aeabi_sdiv.o(.text)
    .text                                    0x080002d6   Section        0  heapauxi.o(.text)
    .text                                    0x080002dc   Section       62  sys_stackheap_outer.o(.text)
    .text                                    0x0800031a   Section        0  exit.o(.text)
    .text                                    0x0800032c   Section        8  libspace.o(.text)
    .text                                    0x08000334   Section        0  sys_exit.o(.text)
    .text                                    0x08000340   Section        2  use_no_semi.o(.text)
    .text                                    0x08000342   Section        0  __dclz77c.o(.text)
    .text                                    0x08000342   Section        0  indicate_semi.o(.text)
    i.BtUartFuncStateEnum                    0x080003a4   Section        0  main.o(i.BtUartFuncStateEnum)
    i.ConfigureExternalIT                    0x080003b0   Section        0  exti.o(i.ConfigureExternalIT)
    i.ConfigureGPIO                          0x08000420   Section        0  exti.o(i.ConfigureGPIO)
    i.Configure_GPIO_USART7_BT               0x08000490   Section        0  uart.o(i.Configure_GPIO_USART7_BT)
    i.Configure_GPIO_USART8_PC               0x080004b0   Section        0  uart.o(i.Configure_GPIO_USART8_PC)
    i.Configure_USART7_BT                    0x080004d8   Section        0  uart.o(i.Configure_USART7_BT)
    i.Configure_USART8_PC                    0x08000528   Section        0  uart.o(i.Configure_USART8_PC)
    i.Configure_USART_7_8_IT                 0x0800057c   Section        0  uart.o(i.Configure_USART_7_8_IT)
    i.EXTI4_15_IRQHandler                    0x080005a0   Section        0  main.o(i.EXTI4_15_IRQHandler)
    i.HardFault_Handler                      0x080005f0   Section        0  main.o(i.HardFault_Handler)
    i.INIT_RTC_LSE                           0x080005f4   Section        0  rtc.o(i.INIT_RTC_LSE)
    i.InitUart_7_8                           0x08000618   Section        0  uart.o(i.InitUart_7_8)
    i.IsFuncState_uartPc_PrepareSending      0x08000644   Section        0  main.o(i.IsFuncState_uartPc_PrepareSending)
    i.IsFuncState_uartPc_Sending             0x08000656   Section        0  main.o(i.IsFuncState_uartPc_Sending)
    i.IsFuncState_uartPc_TC                  0x08000666   Section        0  main.o(i.IsFuncState_uartPc_TC)
    i.IsFuncState_uartPc_TcntSent            0x08000678   Section        0  main.o(i.IsFuncState_uartPc_TcntSent)
    i.NMI_Handler                            0x0800068a   Section        0  main.o(i.NMI_Handler)
    i.PcUartFuncStateEnum                    0x0800068c   Section        0  main.o(i.PcUartFuncStateEnum)
    i.ProcessUartIrq                         0x08000698   Section        0  main.o(i.ProcessUartIrq)
    i.SetSysClock                            0x08000740   Section        0  clock.o(i.SetSysClock)
    i.SysTick_Handler                        0x08000834   Section        0  main.o(i.SysTick_Handler)
    i.SystemCoreClockUpdate                  0x08000870   Section        0  system_stm32f0xx.o(i.SystemCoreClockUpdate)
    i.SystemInit                             0x08000940   Section        0  system_stm32f0xx.o(i.SystemInit)
    i.USART3_8_IRQHandler                    0x080009b8   Section        0  main.o(i.USART3_8_IRQHandler)
    i.UartGetReceivedChar                    0x080009d0   Section        0  uart.o(i.UartGetReceivedChar)
    i.__NVIC_SetPriority                     0x08000a60   Section        0  main.o(i.__NVIC_SetPriority)
    __NVIC_SetPriority                       0x08000a61   Thumb Code   110  main.o(i.__NVIC_SetPriority)
    i.__NVIC_SetPriority                     0x08000ad8   Section        0  uart.o(i.__NVIC_SetPriority)
    __NVIC_SetPriority                       0x08000ad9   Thumb Code   110  uart.o(i.__NVIC_SetPriority)
    i.__NVIC_SetPriority                     0x08000b50   Section        0  exti.o(i.__NVIC_SetPriority)
    __NVIC_SetPriority                       0x08000b51   Thumb Code   110  exti.o(i.__NVIC_SetPriority)
    i._set_uart_mode_funcstate               0x08000bc8   Section        0  main.o(i._set_uart_mode_funcstate)
    i.clear_data_char_array                  0x08000bce   Section        0  main.o(i.clear_data_char_array)
    i.clear_data_rx                          0x08000be2   Section        0  main.o(i.clear_data_rx)
    i.disable_rtc_init_state                 0x08000bf8   Section        0  rtc.o(i.disable_rtc_init_state)
    i.enable_rtc_init_state                  0x08000c14   Section        0  rtc.o(i.enable_rtc_init_state)
    i.init_uart_handles                      0x08000c40   Section        0  main.o(i.init_uart_handles)
    i.main                                   0x08000cf0   Section        0  main.o(i.main)
    i.set_uart_funcstate                     0x08000ed4   Section        0  main.o(i.set_uart_funcstate)
    i.turn_rtc_lse_on                        0x08000ed8   Section        0  rtc.o(i.turn_rtc_lse_on)
    .constdata                               0x08000f58   Section       16  system_stm32f0xx.o(.constdata)
    .data                                    0x20000000   Section      440  main.o(.data)
    .data                                    0x200001b8   Section        8  uart.o(.data)
    .data                                    0x200001c0   Section        4  system_stm32f0xx.o(.data)
    .bss                                     0x200001c4   Section      284  main.o(.bss)
    .bss                                     0x200002e0   Section       96  libspace.o(.bss)
    HEAP                                     0x20000340   Section      512  startup_stm32f091xc.o(HEAP)
    Heap_Mem                                 0x20000340   Data         512  startup_stm32f091xc.o(HEAP)
    STACK                                    0x20000540   Section     1024  startup_stm32f091xc.o(STACK)
    Stack_Mem                                0x20000540   Data        1024  startup_stm32f091xc.o(STACK)
    __initial_sp                             0x20000940   Data           0  startup_stm32f091xc.o(STACK)

    Global Symbols

    Symbol Name                              Value     Ov Type        Size  Object(Section)

    BuildAttributes$$THM_ISAv3M$S$PE$A:L22$X:L11$S22$IEEE1$IW$USESV6$~STKCKD$USESV7$~SHL$OSPACE$ROPI$EBA8$UX$STANDARDLIB$REQ8$PRES8$EABIv2 0x00000000   Number         0  anon$$obj.o ABSOLUTE
    __ARM_use_no_argv                        0x00000000   Number         0  main.o ABSOLUTE
    __ARM_exceptions_init                     - Undefined Weak Reference
    __alloca_initialize                       - Undefined Weak Reference
    __arm_preinit_                            - Undefined Weak Reference
    __cpp_initialize__aeabi_                  - Undefined Weak Reference
    __cxa_finalize                            - Undefined Weak Reference
    __rt_locale                               - Undefined Weak Reference
    __sigvec_lookup                           - Undefined Weak Reference
    _atexit_init                              - Undefined Weak Reference
    _call_atexit_fns                          - Undefined Weak Reference
    _clock_init                               - Undefined Weak Reference
    _fp_trap_init                             - Undefined Weak Reference
    _fp_trap_shutdown                         - Undefined Weak Reference
    _get_lc_collate                           - Undefined Weak Reference
    _get_lc_ctype                             - Undefined Weak Reference
    _get_lc_monetary                          - Undefined Weak Reference
    _get_lc_numeric                           - Undefined Weak Reference
    _get_lc_time                              - Undefined Weak Reference
    _getenv_init                              - Undefined Weak Reference
    _handle_redirection                       - Undefined Weak Reference
    _init_alloc                               - Undefined Weak Reference
    _init_user_alloc                          - Undefined Weak Reference
    _initio                                   - Undefined Weak Reference
    _rand_init                                - Undefined Weak Reference
    _signal_finish                            - Undefined Weak Reference
    _signal_init                              - Undefined Weak Reference
    _terminate_alloc                          - Undefined Weak Reference
    _terminate_user_alloc                     - Undefined Weak Reference
    _terminateio                              - Undefined Weak Reference
    __Vectors_Size                           0x000000bc   Number         0  startup_stm32f091xc.o ABSOLUTE
    __Vectors                                0x08000000   Data           4  startup_stm32f091xc.o(RESET)
    __Vectors_End                            0x080000bc   Data           0  startup_stm32f091xc.o(RESET)
    __main                                   0x080000bd   Thumb Code     8  __main.o(!!!main)
    __scatterload                            0x080000c5   Thumb Code     0  __scatter.o(!!!scatter)
    __scatterload_rt2                        0x080000c5   Thumb Code    52  __scatter.o(!!!scatter)
    __scatterload_rt2_thumb_only             0x080000c5   Thumb Code     0  __scatter.o(!!!scatter)
    __scatterload_null                       0x080000d5   Thumb Code     0  __scatter.o(!!!scatter)
    __scatterload_zeroinit                   0x08000101   Thumb Code    28  __scatter_zi.o(!!handler_zi)
    __rt_lib_init                            0x0800011d   Thumb Code     0  libinit.o(.ARM.Collect$$libinit$$00000000)
    __rt_lib_init_alloca_1                   0x0800011f   Thumb Code     0  libinit2.o(.ARM.Collect$$libinit$$0000002E)
    __rt_lib_init_argv_1                     0x0800011f   Thumb Code     0  libinit2.o(.ARM.Collect$$libinit$$0000002C)
    __rt_lib_init_atexit_1                   0x0800011f   Thumb Code     0  libinit2.o(.ARM.Collect$$libinit$$0000001B)
    __rt_lib_init_clock_1                    0x0800011f   Thumb Code     0  libinit2.o(.ARM.Collect$$libinit$$00000021)
    __rt_lib_init_cpp_1                      0x0800011f   Thumb Code     0  libinit2.o(.ARM.Collect$$libinit$$00000032)
    __rt_lib_init_exceptions_1               0x0800011f   Thumb Code     0  libinit2.o(.ARM.Collect$$libinit$$00000030)
    __rt_lib_init_fp_1                       0x0800011f   Thumb Code     0  libinit2.o(.ARM.Collect$$libinit$$00000002)
    __rt_lib_init_fp_trap_1                  0x0800011f   Thumb Code     0  libinit2.o(.ARM.Collect$$libinit$$0000001F)
    __rt_lib_init_getenv_1                   0x0800011f   Thumb Code     0  libinit2.o(.ARM.Collect$$libinit$$00000023)
    __rt_lib_init_heap_1                     0x0800011f   Thumb Code     0  libinit2.o(.ARM.Collect$$libinit$$0000000A)
    __rt_lib_init_lc_collate_1               0x0800011f   Thumb Code     0  libinit2.o(.ARM.Collect$$libinit$$00000011)
    __rt_lib_init_lc_ctype_1                 0x0800011f   Thumb Code     0  libinit2.o(.ARM.Collect$$libinit$$00000013)
    __rt_lib_init_lc_monetary_1              0x0800011f   Thumb Code     0  libinit2.o(.ARM.Collect$$libinit$$00000015)
    __rt_lib_init_lc_numeric_1               0x0800011f   Thumb Code     0  libinit2.o(.ARM.Collect$$libinit$$00000017)
    __rt_lib_init_lc_time_1                  0x0800011f   Thumb Code     0  libinit2.o(.ARM.Collect$$libinit$$00000019)
    __rt_lib_init_preinit_1                  0x0800011f   Thumb Code     0  libinit2.o(.ARM.Collect$$libinit$$00000004)
    __rt_lib_init_rand_1                     0x0800011f   Thumb Code     0  libinit2.o(.ARM.Collect$$libinit$$0000000E)
    __rt_lib_init_return                     0x0800011f   Thumb Code     0  libinit2.o(.ARM.Collect$$libinit$$00000033)
    __rt_lib_init_signal_1                   0x0800011f   Thumb Code     0  libinit2.o(.ARM.Collect$$libinit$$0000001D)
    __rt_lib_init_stdio_1                    0x0800011f   Thumb Code     0  libinit2.o(.ARM.Collect$$libinit$$00000025)
    __rt_lib_init_user_alloc_1               0x0800011f   Thumb Code     0  libinit2.o(.ARM.Collect$$libinit$$0000000C)
    __rt_lib_shutdown                        0x08000121   Thumb Code     0  libshutdown.o(.ARM.Collect$$libshutdown$$00000000)
    __rt_lib_shutdown_cpp_1                  0x08000123   Thumb Code     0  libshutdown2.o(.ARM.Collect$$libshutdown$$00000002)
    __rt_lib_shutdown_fp_trap_1              0x08000123   Thumb Code     0  libshutdown2.o(.ARM.Collect$$libshutdown$$00000007)
    __rt_lib_shutdown_heap_1                 0x08000123   Thumb Code     0  libshutdown2.o(.ARM.Collect$$libshutdown$$0000000F)
    __rt_lib_shutdown_return                 0x08000123   Thumb Code     0  libshutdown2.o(.ARM.Collect$$libshutdown$$00000010)
    __rt_lib_shutdown_signal_1               0x08000123   Thumb Code     0  libshutdown2.o(.ARM.Collect$$libshutdown$$0000000A)
    __rt_lib_shutdown_stdio_1                0x08000123   Thumb Code     0  libshutdown2.o(.ARM.Collect$$libshutdown$$00000004)
    __rt_lib_shutdown_user_alloc_1           0x08000123   Thumb Code     0  libshutdown2.o(.ARM.Collect$$libshutdown$$0000000C)
    __rt_entry                               0x08000125   Thumb Code     0  __rtentry.o(.ARM.Collect$$rtentry$$00000000)
    __rt_entry_presh_1                       0x08000125   Thumb Code     0  __rtentry2.o(.ARM.Collect$$rtentry$$00000002)
    __rt_entry_sh                            0x08000125   Thumb Code     0  __rtentry4.o(.ARM.Collect$$rtentry$$00000004)
    __rt_entry_li                            0x0800012b   Thumb Code     0  __rtentry2.o(.ARM.Collect$$rtentry$$0000000A)
    __rt_entry_postsh_1                      0x0800012b   Thumb Code     0  __rtentry2.o(.ARM.Collect$$rtentry$$00000009)
    __rt_entry_main                          0x0800012f   Thumb Code     0  __rtentry2.o(.ARM.Collect$$rtentry$$0000000D)
    __rt_entry_postli_1                      0x0800012f   Thumb Code     0  __rtentry2.o(.ARM.Collect$$rtentry$$0000000C)
    __rt_exit                                0x08000137   Thumb Code     0  rtexit.o(.ARM.Collect$$rtexit$$00000000)
    __rt_exit_ls                             0x08000139   Thumb Code     0  rtexit2.o(.ARM.Collect$$rtexit$$00000003)
    __rt_exit_prels_1                        0x08000139   Thumb Code     0  rtexit2.o(.ARM.Collect$$rtexit$$00000002)
    __rt_exit_exit                           0x0800013d   Thumb Code     0  rtexit2.o(.ARM.Collect$$rtexit$$00000004)
    Reset_Handler                            0x08000145   Thumb Code     8  startup_stm32f091xc.o(.text)
    SVC_Handler                              0x08000151   Thumb Code     2  startup_stm32f091xc.o(.text)
    PendSV_Handler                           0x08000153   Thumb Code     2  startup_stm32f091xc.o(.text)
    ADC1_COMP_IRQHandler                     0x08000157   Thumb Code     0  startup_stm32f091xc.o(.text)
    CEC_CAN_IRQHandler                       0x08000157   Thumb Code     0  startup_stm32f091xc.o(.text)
    DMA1_Ch1_IRQHandler                      0x08000157   Thumb Code     0  startup_stm32f091xc.o(.text)
    DMA1_Ch2_3_DMA2_Ch1_2_IRQHandler         0x08000157   Thumb Code     0  startup_stm32f091xc.o(.text)
    DMA1_Ch4_7_DMA2_Ch3_5_IRQHandler         0x08000157   Thumb Code     0  startup_stm32f091xc.o(.text)
    EXTI0_1_IRQHandler                       0x08000157   Thumb Code     0  startup_stm32f091xc.o(.text)
    EXTI2_3_IRQHandler                       0x08000157   Thumb Code     0  startup_stm32f091xc.o(.text)
    FLASH_IRQHandler                         0x08000157   Thumb Code     0  startup_stm32f091xc.o(.text)
    I2C1_IRQHandler                          0x08000157   Thumb Code     0  startup_stm32f091xc.o(.text)
    I2C2_IRQHandler                          0x08000157   Thumb Code     0  startup_stm32f091xc.o(.text)
    PVD_VDDIO2_IRQHandler                    0x08000157   Thumb Code     0  startup_stm32f091xc.o(.text)
    RCC_CRS_IRQHandler                       0x08000157   Thumb Code     0  startup_stm32f091xc.o(.text)
    RTC_IRQHandler                           0x08000157   Thumb Code     0  startup_stm32f091xc.o(.text)
    SPI1_IRQHandler                          0x08000157   Thumb Code     0  startup_stm32f091xc.o(.text)
    SPI2_IRQHandler                          0x08000157   Thumb Code     0  startup_stm32f091xc.o(.text)
    TIM14_IRQHandler                         0x08000157   Thumb Code     0  startup_stm32f091xc.o(.text)
    TIM15_IRQHandler                         0x08000157   Thumb Code     0  startup_stm32f091xc.o(.text)
    TIM16_IRQHandler                         0x08000157   Thumb Code     0  startup_stm32f091xc.o(.text)
    TIM17_IRQHandler                         0x08000157   Thumb Code     0  startup_stm32f091xc.o(.text)
    TIM1_BRK_UP_TRG_COM_IRQHandler           0x08000157   Thumb Code     0  startup_stm32f091xc.o(.text)
    TIM1_CC_IRQHandler                       0x08000157   Thumb Code     0  startup_stm32f091xc.o(.text)
    TIM2_IRQHandler                          0x08000157   Thumb Code     0  startup_stm32f091xc.o(.text)
    TIM3_IRQHandler                          0x08000157   Thumb Code     0  startup_stm32f091xc.o(.text)
    TIM6_DAC_IRQHandler                      0x08000157   Thumb Code     0  startup_stm32f091xc.o(.text)
    TIM7_IRQHandler                          0x08000157   Thumb Code     0  startup_stm32f091xc.o(.text)
    TSC_IRQHandler                           0x08000157   Thumb Code     0  startup_stm32f091xc.o(.text)
    USART1_IRQHandler                        0x08000157   Thumb Code     0  startup_stm32f091xc.o(.text)
    USART2_IRQHandler                        0x08000157   Thumb Code     0  startup_stm32f091xc.o(.text)
    WWDG_IRQHandler                          0x08000157   Thumb Code     0  startup_stm32f091xc.o(.text)
    __user_initial_stackheap                 0x08000159   Thumb Code     0  startup_stm32f091xc.o(.text)
    __aeabi_uidiv                            0x0800017d   Thumb Code     0  aeabi_sdiv.o(.text)
    __aeabi_uidivmod                         0x0800017d   Thumb Code    20  aeabi_sdiv.o(.text)
    __aeabi_idiv                             0x08000191   Thumb Code     0  aeabi_sdiv.o(.text)
    __aeabi_idivmod                          0x08000191   Thumb Code   326  aeabi_sdiv.o(.text)
    __use_two_region_memory                  0x080002d7   Thumb Code     2  heapauxi.o(.text)
    __rt_heap_escrow$2region                 0x080002d9   Thumb Code     2  heapauxi.o(.text)
    __rt_heap_expand$2region                 0x080002db   Thumb Code     2  heapauxi.o(.text)
    __user_setup_stackheap                   0x080002dd   Thumb Code    62  sys_stackheap_outer.o(.text)
    exit                                     0x0800031b   Thumb Code    16  exit.o(.text)
    __user_libspace                          0x0800032d   Thumb Code     8  libspace.o(.text)
    __user_perproc_libspace                  0x0800032d   Thumb Code     0  libspace.o(.text)
    __user_perthread_libspace                0x0800032d   Thumb Code     0  libspace.o(.text)
    _sys_exit                                0x08000335   Thumb Code     8  sys_exit.o(.text)
    __I$use$semihosting                      0x08000341   Thumb Code     0  use_no_semi.o(.text)
    __use_no_semihosting_swi                 0x08000341   Thumb Code     2  use_no_semi.o(.text)
    __decompress                             0x08000343   Thumb Code     0  __dclz77c.o(.text)
    __decompress2                            0x08000343   Thumb Code    96  __dclz77c.o(.text)
    __semihosting_library_function           0x08000343   Thumb Code     0  indicate_semi.o(.text)
    BtUartFuncStateEnum                      0x080003a5   Thumb Code     8  main.o(i.BtUartFuncStateEnum)
    ConfigureExternalIT                      0x080003b1   Thumb Code    90  exti.o(i.ConfigureExternalIT)
    ConfigureGPIO                            0x08000421   Thumb Code   106  exti.o(i.ConfigureGPIO)
    Configure_GPIO_USART7_BT                 0x08000491   Thumb Code    28  uart.o(i.Configure_GPIO_USART7_BT)
    Configure_GPIO_USART8_PC                 0x080004b1   Thumb Code    36  uart.o(i.Configure_GPIO_USART8_PC)
    Configure_USART7_BT                      0x080004d9   Thumb Code    72  uart.o(i.Configure_USART7_BT)
    Configure_USART8_PC                      0x08000529   Thumb Code    72  uart.o(i.Configure_USART8_PC)
    Configure_USART_7_8_IT                   0x0800057d   Thumb Code    32  uart.o(i.Configure_USART_7_8_IT)
    EXTI4_15_IRQHandler                      0x080005a1   Thumb Code    60  main.o(i.EXTI4_15_IRQHandler)
    HardFault_Handler                        0x080005f1   Thumb Code     4  main.o(i.HardFault_Handler)
    INIT_RTC_LSE                             0x080005f5   Thumb Code    26  rtc.o(i.INIT_RTC_LSE)
    InitUart_7_8                             0x08000619   Thumb Code    38  uart.o(i.InitUart_7_8)
    IsFuncState_uartPc_PrepareSending        0x08000645   Thumb Code    18  main.o(i.IsFuncState_uartPc_PrepareSending)
    IsFuncState_uartPc_Sending               0x08000657   Thumb Code    16  main.o(i.IsFuncState_uartPc_Sending)
    IsFuncState_uartPc_TC                    0x08000667   Thumb Code    18  main.o(i.IsFuncState_uartPc_TC)
    IsFuncState_uartPc_TcntSent              0x08000679   Thumb Code    18  main.o(i.IsFuncState_uartPc_TcntSent)
    NMI_Handler                              0x0800068b   Thumb Code     2  main.o(i.NMI_Handler)
    PcUartFuncStateEnum                      0x0800068d   Thumb Code     8  main.o(i.PcUartFuncStateEnum)
    ProcessUartIrq                           0x08000699   Thumb Code   158  main.o(i.ProcessUartIrq)
    SetSysClock                              0x08000741   Thumb Code   236  clock.o(i.SetSysClock)
    SysTick_Handler                          0x08000835   Thumb Code    48  main.o(i.SysTick_Handler)
    SystemCoreClockUpdate                    0x08000871   Thumb Code   188  system_stm32f0xx.o(i.SystemCoreClockUpdate)
    SystemInit                               0x08000941   Thumb Code   102  system_stm32f0xx.o(i.SystemInit)
    USART3_8_IRQHandler                      0x080009b9   Thumb Code    16  main.o(i.USART3_8_IRQHandler)
    UartGetReceivedChar                      0x080009d1   Thumb Code   140  uart.o(i.UartGetReceivedChar)
    _set_uart_mode_funcstate                 0x08000bc9   Thumb Code     6  main.o(i._set_uart_mode_funcstate)
    clear_data_char_array                    0x08000bcf   Thumb Code    20  main.o(i.clear_data_char_array)
    clear_data_rx                            0x08000be3   Thumb Code    20  main.o(i.clear_data_rx)
    disable_rtc_init_state                   0x08000bf9   Thumb Code    22  rtc.o(i.disable_rtc_init_state)
    enable_rtc_init_state                    0x08000c15   Thumb Code    38  rtc.o(i.enable_rtc_init_state)
    init_uart_handles                        0x08000c41   Thumb Code   136  main.o(i.init_uart_handles)
    main                                     0x08000cf1   Thumb Code   464  main.o(i.main)
    set_uart_funcstate                       0x08000ed5   Thumb Code     4  main.o(i.set_uart_funcstate)
    turn_rtc_lse_on                          0x08000ed9   Thumb Code   120  rtc.o(i.turn_rtc_lse_on)
    AHBPrescTable                            0x08000f58   Data          16  system_stm32f0xx.o(.constdata)
    Region$$Table$$Base                      0x08000f68   Number         0  anon$$obj.o(Region$$Table)
    Region$$Table$$Limit                     0x08000f88   Number         0  anon$$obj.o(Region$$Table)
    ary_dt_req                               0x20000000   Data           7  main.o(.data)
    ary_bt_tx_data_1                         0x20000007   Data          26  main.o(.data)
    ary_bt_tx_data_2                         0x20000021   Data          26  main.o(.data)
    systick_ms_count                         0x2000003c   Data           4  main.o(.data)
    bt_ms_wait                               0x20000040   Data           4  main.o(.data)
    led_ms_wait                              0x20000044   Data           4  main.o(.data)
    UartMode_BT_Request                      0x20000048   Data          17  main.o(.data)
    UartMode_DT_Request                      0x20000059   Data          17  main.o(.data)
    UartMode_AC_Report                       0x2000006a   Data          17  main.o(.data)
    UartMode_Idle                            0x2000007b   Data          17  main.o(.data)
    UartMode_Error                           0x2000008c   Data          17  main.o(.data)
    UartFState_PrepareSending                0x2000009d   Data          25  main.o(.data)
    UartFState_Sending                       0x200000b6   Data          25  main.o(.data)
    UartFState_TcSending                     0x200000cf   Data          25  main.o(.data)
    UartFState_TC                            0x200000e8   Data          25  main.o(.data)
    UartFState_PrepareReceiving              0x20000101   Data          25  main.o(.data)
    UartFState_Receiving                     0x2000011a   Data          25  main.o(.data)
    UartFState_TcReceiving                   0x20000133   Data          25  main.o(.data)
    UartFState_Free                          0x2000014c   Data          25  main.o(.data)
    UartFState_ErrFg                         0x20000165   Data          25  main.o(.data)
    UartFState_ErrData                       0x2000017e   Data          25  main.o(.data)
    UartFState_ErrTimeout                    0x20000197   Data          25  main.o(.data)
    bt_dev_number                            0x200001b0   Data           1  main.o(.data)
    bp                                       0x200001b4   Data           4  main.o(.data)
    structReceivedChar                       0x200001b8   Data           8  uart.o(.data)
    SystemCoreClock                          0x200001c0   Data           4  system_stm32f0xx.o(.data)
    ary_dt_answer                            0x200001c4   Data          11  main.o(.bss)
    ary_bt_rx_data                           0x200001cf   Data          50  main.o(.bss)
    ary_dt_tx_data                           0x20000201   Data          50  main.o(.bss)
    ary_dt_rx_data                           0x20000233   Data          50  main.o(.bss)
    btUartHandle                             0x20000268   Data          60  main.o(.bss)
    pcUartHandle                             0x200002a4   Data          60  main.o(.bss)
    __libspace_start                         0x200002e0   Data          96  libspace.o(.bss)
    __temporary_stack_top$libspace           0x20000340   Data           0  libspace.o(.bss)



==============================================================================

Memory Map of the image

  Image Entry point : 0x080000bd

  Load Region LR_IROM1 (Base: 0x08000000, Size: 0x0000114c, Max: 0x00040000, ABSOLUTE, COMPRESSED[0x0000107c])

    Execution Region ER_IROM1 (Base: 0x08000000, Size: 0x00000f88, Max: 0x00040000, ABSOLUTE)

    Base Addr    Size         Type   Attr      Idx    E Section Name        Object

    0x08000000   0x000000bc   Data   RO          680    RESET               startup_stm32f091xc.o
    0x080000bc   0x00000008   Code   RO          726  * !!!main             c_p.l(__main.o)
    0x080000c4   0x0000003c   Code   RO          897    !!!scatter          c_p.l(__scatter.o)
    0x08000100   0x0000001c   Code   RO          899    !!handler_zi        c_p.l(__scatter_zi.o)
    0x0800011c   0x00000002   Code   RO          764    .ARM.Collect$$libinit$$00000000  c_p.l(libinit.o)
    0x0800011e   0x00000000   Code   RO          778    .ARM.Collect$$libinit$$00000002  c_p.l(libinit2.o)
    0x0800011e   0x00000000   Code   RO          780    .ARM.Collect$$libinit$$00000004  c_p.l(libinit2.o)
    0x0800011e   0x00000000   Code   RO          783    .ARM.Collect$$libinit$$0000000A  c_p.l(libinit2.o)
    0x0800011e   0x00000000   Code   RO          785    .ARM.Collect$$libinit$$0000000C  c_p.l(libinit2.o)
    0x0800011e   0x00000000   Code   RO          787    .ARM.Collect$$libinit$$0000000E  c_p.l(libinit2.o)
    0x0800011e   0x00000000   Code   RO          790    .ARM.Collect$$libinit$$00000011  c_p.l(libinit2.o)
    0x0800011e   0x00000000   Code   RO          792    .ARM.Collect$$libinit$$00000013  c_p.l(libinit2.o)
    0x0800011e   0x00000000   Code   RO          794    .ARM.Collect$$libinit$$00000015  c_p.l(libinit2.o)
    0x0800011e   0x00000000   Code   RO          796    .ARM.Collect$$libinit$$00000017  c_p.l(libinit2.o)
    0x0800011e   0x00000000   Code   RO          798    .ARM.Collect$$libinit$$00000019  c_p.l(libinit2.o)
    0x0800011e   0x00000000   Code   RO          800    .ARM.Collect$$libinit$$0000001B  c_p.l(libinit2.o)
    0x0800011e   0x00000000   Code   RO          802    .ARM.Collect$$libinit$$0000001D  c_p.l(libinit2.o)
    0x0800011e   0x00000000   Code   RO          804    .ARM.Collect$$libinit$$0000001F  c_p.l(libinit2.o)
    0x0800011e   0x00000000   Code   RO          806    .ARM.Collect$$libinit$$00000021  c_p.l(libinit2.o)
    0x0800011e   0x00000000   Code   RO          808    .ARM.Collect$$libinit$$00000023  c_p.l(libinit2.o)
    0x0800011e   0x00000000   Code   RO          810    .ARM.Collect$$libinit$$00000025  c_p.l(libinit2.o)
    0x0800011e   0x00000000   Code   RO          814    .ARM.Collect$$libinit$$0000002C  c_p.l(libinit2.o)
    0x0800011e   0x00000000   Code   RO          816    .ARM.Collect$$libinit$$0000002E  c_p.l(libinit2.o)
    0x0800011e   0x00000000   Code   RO          818    .ARM.Collect$$libinit$$00000030  c_p.l(libinit2.o)
    0x0800011e   0x00000000   Code   RO          820    .ARM.Collect$$libinit$$00000032  c_p.l(libinit2.o)
    0x0800011e   0x00000002   Code   RO          821    .ARM.Collect$$libinit$$00000033  c_p.l(libinit2.o)
    0x08000120   0x00000002   Code   RO          852    .ARM.Collect$$libshutdown$$00000000  c_p.l(libshutdown.o)
    0x08000122   0x00000000   Code   RO          878    .ARM.Collect$$libshutdown$$00000002  c_p.l(libshutdown2.o)
    0x08000122   0x00000000   Code   RO          880    .ARM.Collect$$libshutdown$$00000004  c_p.l(libshutdown2.o)
    0x08000122   0x00000000   Code   RO          883    .ARM.Collect$$libshutdown$$00000007  c_p.l(libshutdown2.o)
    0x08000122   0x00000000   Code   RO          886    .ARM.Collect$$libshutdown$$0000000A  c_p.l(libshutdown2.o)
    0x08000122   0x00000000   Code   RO          888    .ARM.Collect$$libshutdown$$0000000C  c_p.l(libshutdown2.o)
    0x08000122   0x00000000   Code   RO          891    .ARM.Collect$$libshutdown$$0000000F  c_p.l(libshutdown2.o)
    0x08000122   0x00000002   Code   RO          892    .ARM.Collect$$libshutdown$$00000010  c_p.l(libshutdown2.o)
    0x08000124   0x00000000   Code   RO          728    .ARM.Collect$$rtentry$$00000000  c_p.l(__rtentry.o)
    0x08000124   0x00000000   Code   RO          734    .ARM.Collect$$rtentry$$00000002  c_p.l(__rtentry2.o)
    0x08000124   0x00000006   Code   RO          746    .ARM.Collect$$rtentry$$00000004  c_p.l(__rtentry4.o)
    0x0800012a   0x00000000   Code   RO          736    .ARM.Collect$$rtentry$$00000009  c_p.l(__rtentry2.o)
    0x0800012a   0x00000004   Code   RO          737    .ARM.Collect$$rtentry$$0000000A  c_p.l(__rtentry2.o)
    0x0800012e   0x00000000   Code   RO          739    .ARM.Collect$$rtentry$$0000000C  c_p.l(__rtentry2.o)
    0x0800012e   0x00000008   Code   RO          740    .ARM.Collect$$rtentry$$0000000D  c_p.l(__rtentry2.o)
    0x08000136   0x00000002   Code   RO          769    .ARM.Collect$$rtexit$$00000000  c_p.l(rtexit.o)
    0x08000138   0x00000000   Code   RO          825    .ARM.Collect$$rtexit$$00000002  c_p.l(rtexit2.o)
    0x08000138   0x00000004   Code   RO          826    .ARM.Collect$$rtexit$$00000003  c_p.l(rtexit2.o)
    0x0800013c   0x00000006   Code   RO          827    .ARM.Collect$$rtexit$$00000004  c_p.l(rtexit2.o)
    0x08000142   0x00000002   PAD
    0x08000144   0x00000038   Code   RO          681    .text               startup_stm32f091xc.o
    0x0800017c   0x0000015a   Code   RO          720    .text               c_p.l(aeabi_sdiv.o)
    0x080002d6   0x00000006   Code   RO          724    .text               c_p.l(heapauxi.o)
    0x080002dc   0x0000003e   Code   RO          750    .text               c_p.l(sys_stackheap_outer.o)
    0x0800031a   0x00000010   Code   RO          753    .text               c_p.l(exit.o)
    0x0800032a   0x00000002   PAD
    0x0800032c   0x00000008   Code   RO          765    .text               c_p.l(libspace.o)
    0x08000334   0x0000000c   Code   RO          822    .text               c_p.l(sys_exit.o)
    0x08000340   0x00000002   Code   RO          841    .text               c_p.l(use_no_semi.o)
    0x08000342   0x00000000   Code   RO          843    .text               c_p.l(indicate_semi.o)
    0x08000342   0x00000060   Code   RO          895    .text               c_p.l(__dclz77c.o)
    0x080003a2   0x00000002   PAD
    0x080003a4   0x0000000c   Code   RO          129    i.BtUartFuncStateEnum  main.o
    0x080003b0   0x00000070   Code   RO          430    i.ConfigureExternalIT  exti.o
    0x08000420   0x00000070   Code   RO          431    i.ConfigureGPIO     exti.o
    0x08000490   0x00000020   Code   RO          315    i.Configure_GPIO_USART7_BT  uart.o
    0x080004b0   0x00000028   Code   RO          316    i.Configure_GPIO_USART8_PC  uart.o
    0x080004d8   0x00000050   Code   RO          317    i.Configure_USART7_BT  uart.o
    0x08000528   0x00000054   Code   RO          318    i.Configure_USART8_PC  uart.o
    0x0800057c   0x00000024   Code   RO          319    i.Configure_USART_7_8_IT  uart.o
    0x080005a0   0x00000050   Code   RO            3    i.EXTI4_15_IRQHandler  main.o
    0x080005f0   0x00000004   Code   RO            4    i.HardFault_Handler  main.o
    0x080005f4   0x00000024   Code   RO          489    i.INIT_RTC_LSE      rtc.o
    0x08000618   0x0000002c   Code   RO          320    i.InitUart_7_8      uart.o
    0x08000644   0x00000012   Code   RO          139    i.IsFuncState_uartPc_PrepareSending  main.o
    0x08000656   0x00000010   Code   RO          144    i.IsFuncState_uartPc_Sending  main.o
    0x08000666   0x00000012   Code   RO          154    i.IsFuncState_uartPc_TC  main.o
    0x08000678   0x00000012   Code   RO          149    i.IsFuncState_uartPc_TcntSent  main.o
    0x0800068a   0x00000002   Code   RO            5    i.NMI_Handler       main.o
    0x0800068c   0x0000000c   Code   RO          134    i.PcUartFuncStateEnum  main.o
    0x08000698   0x000000a8   Code   RO            6    i.ProcessUartIrq    main.o
    0x08000740   0x000000f4   Code   RO          461    i.SetSysClock       clock.o
    0x08000834   0x0000003c   Code   RO            8    i.SysTick_Handler   main.o
    0x08000870   0x000000d0   Code   RO          687    i.SystemCoreClockUpdate  system_stm32f0xx.o
    0x08000940   0x00000078   Code   RO          688    i.SystemInit        system_stm32f0xx.o
    0x080009b8   0x00000018   Code   RO            9    i.USART3_8_IRQHandler  main.o
    0x080009d0   0x00000090   Code   RO          321    i.UartGetReceivedChar  uart.o
    0x08000a60   0x00000078   Code   RO           10    i.__NVIC_SetPriority  main.o
    0x08000ad8   0x00000078   Code   RO          326    i.__NVIC_SetPriority  uart.o
    0x08000b50   0x00000078   Code   RO          432    i.__NVIC_SetPriority  exti.o
    0x08000bc8   0x00000006   Code   RO          119    i._set_uart_mode_funcstate  main.o
    0x08000bce   0x00000014   Code   RO           11    i.clear_data_char_array  main.o
    0x08000be2   0x00000014   Code   RO           12    i.clear_data_rx     main.o
    0x08000bf6   0x00000002   PAD
    0x08000bf8   0x0000001c   Code   RO          544    i.disable_rtc_init_state  rtc.o
    0x08000c14   0x0000002c   Code   RO          538    i.enable_rtc_init_state  rtc.o
    0x08000c40   0x000000b0   Code   RO           15    i.init_uart_handles  main.o
    0x08000cf0   0x000001e4   Code   RO           16    i.main              main.o
    0x08000ed4   0x00000004   Code   RO          124    i.set_uart_funcstate  main.o
    0x08000ed8   0x00000080   Code   RO          549    i.turn_rtc_lse_on   rtc.o
    0x08000f58   0x00000010   Data   RO          689    .constdata          system_stm32f0xx.o
    0x08000f68   0x00000020   Data   RO          893    Region$$Table       anon$$obj.o


    Execution Region RW_IRAM1 (Base: 0x20000000, Size: 0x00000940, Max: 0x00008000, ABSOLUTE, COMPRESSED[0x000000f4])

    Base Addr    Size         Type   Attr      Idx    E Section Name        Object

    0x20000000   0x000001b8   Data   RW           22    .data               main.o
    0x200001b8   0x00000008   Data   RW          327    .data               uart.o
    0x200001c0   0x00000004   Data   RW          690    .data               system_stm32f0xx.o
    0x200001c4   0x0000011c   Zero   RW           20    .bss                main.o
    0x200002e0   0x00000060   Zero   RW          766    .bss                c_p.l(libspace.o)
    0x20000340   0x00000200   Zero   RW          679    HEAP                startup_stm32f091xc.o
    0x20000540   0x00000400   Zero   RW          678    STACK               startup_stm32f091xc.o


==============================================================================

Image component sizes


      Code (inc. data)   RO Data    RW Data    ZI Data      Debug   Object Name

       244          8          0          0          0        922   clock.o
       344         38          0          0          0       1518   exti.o
      1262        128          0        440        284     229808   main.o
       236         30          0          0          0       2531   rtc.o
        56         26        188          0       1536        660   startup_stm32f091xc.o
       328         38         16          4          0       1969   system_stm32f0xx.o
       580         52          0          8          0      11349   uart.o

    ----------------------------------------------------------------------
      3052        320        236        452       1820     248757   Object Totals
         0          0         32          0          0          0   (incl. Generated)
         2          0          0          0          0          0   (incl. Padding)

    ----------------------------------------------------------------------

      Code (inc. data)   RO Data    RW Data    ZI Data      Debug   Library Member Name

        96          0          0          0          0          0   __dclz77c.o
         8          0          0          0          0         68   __main.o
         0          0          0          0          0          0   __rtentry.o
        12          0          0          0          0          0   __rtentry2.o
         6          0          0          0          0          0   __rtentry4.o
        60          8          0          0          0          0   __scatter.o
        28          0          0          0          0          0   __scatter_zi.o
       346          0          0          0          0         92   aeabi_sdiv.o
        16          0          0          0          0         68   exit.o
         6          0          0          0          0        136   heapauxi.o
         0          0          0          0          0          0   indicate_semi.o
         2          0          0          0          0          0   libinit.o
         2          0          0          0          0          0   libinit2.o
         2          0          0          0          0          0   libshutdown.o
         2          0          0          0          0          0   libshutdown2.o
         8          4          0          0         96         68   libspace.o
         2          0          0          0          0          0   rtexit.o
        10          0          0          0          0          0   rtexit2.o
        12          4          0          0          0         60   sys_exit.o
        62          0          0          0          0         80   sys_stackheap_outer.o
         2          0          0          0          0         68   use_no_semi.o

    ----------------------------------------------------------------------
       688         16          0          0         96        640   Library Totals
         6          0          0          0          0          0   (incl. Padding)

    ----------------------------------------------------------------------

      Code (inc. data)   RO Data    RW Data    ZI Data      Debug   Library Name

       682         16          0          0         96        640   c_p.l

    ----------------------------------------------------------------------
       688         16          0          0         96        640   Library Totals

    ----------------------------------------------------------------------

==============================================================================


      Code (inc. data)   RO Data    RW Data    ZI Data      Debug   

      3740        336        236        452       1916     247761   Grand Totals
      3740        336        236        244       1916     247761   ELF Image Totals (compressed)
      3740        336        236        244          0          0   ROM Totals

==============================================================================

    Total RO  Size (Code + RO Data)                 3976 (   3.88kB)
    Total RW  Size (RW Data + ZI Data)              2368 (   2.31kB)
    Total ROM Size (Code + RO Data + RW Data)       4220 (   4.12kB)

==============================================================================

