Component: ARM Compiler 5.06 update 3 (build 300) Tool: armlink [4d35c9]

==============================================================================

Section Cross References

    main.o(i.EXTI4_15_IRQHandler) refers to main.o(i.SendCurDateTime) for SendCurDateTime
    main.o(i.SendCurDateTime) refers to rtc.o(i.GetCurDateTimeRTC_BCD) for GetCurDateTimeRTC_BCD
    main.o(i.SendCurDateTime) refers to uart.o(i.UartSendBytes) for UartSendBytes
    main.o(i.SendCurDateTime) refers to main.o(.data) for stt_BCD_Date
    main.o(i.SendCurDateTime) refers to main.o(.bss) for stt_BCD_Time
    main.o(i.TIM7_IRQHandler) refers to main.o(.data) for timb_ms_count
    main.o(i.USART3_8_IRQHandler) refers to uart.o(i.UartGetReceivedChar) for UartGetReceivedChar
    main.o(i.USART3_8_IRQHandler) refers to main.o(.data) for curState
    main.o(i.USART3_8_IRQHandler) refers to main.o(.bss) for ary_dt_answer
    main.o(i.main) refers to clock.o(i.SetSysClock) for SetSysClock
    main.o(i.main) refers to exti.o(i.ConfigureGPIO) for ConfigureGPIO
    main.o(i.main) refers to uart.o(i.Configure_GPIO_USART7) for Configure_GPIO_USART7
    main.o(i.main) refers to uart.o(i.Configure_USART7) for Configure_USART7
    main.o(i.main) refers to exti.o(i.ConfigureExternalIT) for ConfigureExternalIT
    main.o(i.main) refers to rtc.o(i.INIT_RTC_LSE) for INIT_RTC_LSE
    main.o(i.main) refers to main.o(i.start_getting_datetime) for start_getting_datetime
    main.o(i.main) refers to rtc.o(i.SetDateTimeRTC) for SetDateTimeRTC
    main.o(i.main) refers to tim_basic.o(i.InitTimBasic) for InitTimBasic
    main.o(i.main) refers to main.o(.data) for curState
    main.o(i.main) refers to main.o(.bss) for ary_dt_answer
    main.o(i.start_getting_datetime) refers to uart.o(i.UartSendString) for UartSendString
    main.o(i.start_getting_datetime) refers to main.o(.data) for ix_of_dt_answer
    main.o(i.start_getting_datetime) refers to main.o(.bss) for ary_dt_answer
    main.o(.data) refers to main.o(.conststring) for .conststring
    uart.o(i.Configure_USART7) refers to uart.o(i.NVIC_SetPriority) for NVIC_SetPriority
    uart.o(i.UartGetReceivedChar) refers to uart.o(.data) for structReceivedChar
    uart.o(i.UartReSendChar) refers to uart.o(i.send_char) for send_char
    uart.o(i.UartReSendChar) refers to uart.o(i.send_char_cr) for send_char_cr
    uart.o(i.UartReSendChar) refers to uart.o(.data) for ary_ack
    uart.o(i.UartSendBytes) refers to uart.o(i.send_char) for send_char
    uart.o(i.UartSendBytes) refers to uart.o(i.send_cr) for send_cr
    uart.o(i.UartSendCharCR) refers to uart.o(i.send_char_cr) for send_char_cr
    uart.o(i.UartSendError) refers to uart.o(i.send_char) for send_char
    uart.o(i.UartSendError) refers to uart.o(i.send_char_cr) for send_char_cr
    uart.o(i.UartSendString) refers to uart.o(i.send_char) for send_char
    uart.o(i.UartSendString) refers to uart.o(i.send_cr) for send_cr
    exti.o(i.ConfigureExternalIT) refers to exti.o(i.NVIC_SetPriority) for NVIC_SetPriority
    rtc.o(i.GetCurDateTimeRTC_BIN) refers to rtc.o(i.rtc_bcd2byte) for rtc_bcd2byte
    rtc.o(i.INIT_RTC_LSE) refers to rtc.o(i.turn_rtc_lse_on) for turn_rtc_lse_on
    rtc.o(i.INIT_RTC_LSE) refers to rtc.o(i.enable_rtc_init_state) for enable_rtc_init_state
    rtc.o(i.INIT_RTC_LSE) refers to rtc.o(i.disable_rtc_init_state) for disable_rtc_init_state
    rtc.o(i.SetDateTimeRTC) refers to rtc.o(i.set_bcd_date_time) for set_bcd_date_time
    rtc.o(i.set_bcd_date_time) refers to rtc.o(i.enable_rtc_init_state) for enable_rtc_init_state
    rtc.o(i.set_bcd_date_time) refers to rtc.o(i.rtc_byte2bcd) for rtc_byte2bcd
    rtc.o(i.set_bcd_date_time) refers to rtc.o(i.disable_rtc_init_state) for disable_rtc_init_state
    tim_basic.o(i.InitTimBasic) refers to tim_basic.o(i.NVIC_SetPriority) for NVIC_SetPriority
    startup_stm32f091xc.o(STACK) refers (Special) to heapauxi.o(.text) for __use_two_region_memory
    startup_stm32f091xc.o(HEAP) refers (Special) to heapauxi.o(.text) for __use_two_region_memory
    startup_stm32f091xc.o(RESET) refers (Special) to heapauxi.o(.text) for __use_two_region_memory
    startup_stm32f091xc.o(RESET) refers to startup_stm32f091xc.o(STACK) for __initial_sp
    startup_stm32f091xc.o(RESET) refers to startup_stm32f091xc.o(.text) for Reset_Handler
    startup_stm32f091xc.o(RESET) refers to main.o(i.NMI_Handler) for NMI_Handler
    startup_stm32f091xc.o(RESET) refers to main.o(i.HardFault_Handler) for HardFault_Handler
    startup_stm32f091xc.o(RESET) refers to main.o(i.EXTI4_15_IRQHandler) for EXTI4_15_IRQHandler
    startup_stm32f091xc.o(RESET) refers to main.o(i.TIM7_IRQHandler) for TIM7_IRQHandler
    startup_stm32f091xc.o(RESET) refers to main.o(i.USART3_8_IRQHandler) for USART3_8_IRQHandler
    startup_stm32f091xc.o(.text) refers (Special) to heapauxi.o(.text) for __use_two_region_memory
    startup_stm32f091xc.o(.text) refers to system_stm32f0xx.o(i.SystemInit) for SystemInit
    startup_stm32f091xc.o(.text) refers to __main.o(!!!main) for __main
    startup_stm32f091xc.o(.text) refers to startup_stm32f091xc.o(HEAP) for Heap_Mem
    startup_stm32f091xc.o(.text) refers to startup_stm32f091xc.o(STACK) for Stack_Mem
    system_stm32f0xx.o(i.SystemCoreClockUpdate) refers to aeabi_sdiv.o(.text) for __aeabi_uidivmod
    system_stm32f0xx.o(i.SystemCoreClockUpdate) refers to system_stm32f0xx.o(.data) for SystemCoreClock
    system_stm32f0xx.o(i.SystemCoreClockUpdate) refers to system_stm32f0xx.o(.constdata) for AHBPrescTable
    __main.o(!!!main) refers to __rtentry.o(.ARM.Collect$$rtentry$$00000000) for __rt_entry
    __rtentry.o(.ARM.Collect$$rtentry$$00000000) refers (Special) to __rtentry2.o(.ARM.Collect$$rtentry$$0000000A) for __rt_entry_li
    __rtentry.o(.ARM.Collect$$rtentry$$00000000) refers (Special) to __rtentry2.o(.ARM.Collect$$rtentry$$0000000D) for __rt_entry_main
    __rtentry.o(.ARM.Collect$$rtentry$$00000000) refers (Special) to __rtentry2.o(.ARM.Collect$$rtentry$$0000000C) for __rt_entry_postli_1
    __rtentry.o(.ARM.Collect$$rtentry$$00000000) refers (Special) to __rtentry2.o(.ARM.Collect$$rtentry$$00000009) for __rt_entry_postsh_1
    __rtentry.o(.ARM.Collect$$rtentry$$00000000) refers (Special) to __rtentry2.o(.ARM.Collect$$rtentry$$00000002) for __rt_entry_presh_1
    __rtentry.o(.ARM.Collect$$rtentry$$00000000) refers (Special) to __rtentry4.o(.ARM.Collect$$rtentry$$00000004) for __rt_entry_sh
    aeabi_idiv0_sigfpe.o(.text) refers to rt_div0.o(.text) for __rt_div0
    __rtentry2.o(.ARM.Collect$$rtentry$$00000008) refers to boardinit2.o(.text) for _platform_post_stackheap_init
    __rtentry2.o(.ARM.Collect$$rtentry$$0000000A) refers to libinit.o(.ARM.Collect$$libinit$$00000000) for __rt_lib_init
    __rtentry2.o(.ARM.Collect$$rtentry$$0000000B) refers to boardinit3.o(.text) for _platform_post_lib_init
    __rtentry2.o(.ARM.Collect$$rtentry$$0000000D) refers to main.o(i.main) for main
    __rtentry2.o(.ARM.Collect$$rtentry$$0000000D) refers to exit.o(.text) for exit
    __rtentry2.o(.ARM.exidx) refers to __rtentry2.o(.ARM.Collect$$rtentry$$00000001) for .ARM.Collect$$rtentry$$00000001
    __rtentry2.o(.ARM.exidx) refers to __rtentry2.o(.ARM.Collect$$rtentry$$00000008) for .ARM.Collect$$rtentry$$00000008
    __rtentry2.o(.ARM.exidx) refers to __rtentry2.o(.ARM.Collect$$rtentry$$0000000A) for .ARM.Collect$$rtentry$$0000000A
    __rtentry2.o(.ARM.exidx) refers to __rtentry2.o(.ARM.Collect$$rtentry$$0000000B) for .ARM.Collect$$rtentry$$0000000B
    __rtentry2.o(.ARM.exidx) refers to __rtentry2.o(.ARM.Collect$$rtentry$$0000000D) for .ARM.Collect$$rtentry$$0000000D
    __rtentry4.o(.ARM.Collect$$rtentry$$00000004) refers to sys_stackheap_outer.o(.text) for __user_setup_stackheap
    __rtentry4.o(.ARM.exidx) refers to __rtentry4.o(.ARM.Collect$$rtentry$$00000004) for .ARM.Collect$$rtentry$$00000004
    rt_div0.o(.text) refers to defsig_fpe_outer.o(.text) for __rt_SIGFPE
    sys_stackheap_outer.o(.text) refers to libspace.o(.text) for __user_perproc_libspace
    sys_stackheap_outer.o(.text) refers to startup_stm32f091xc.o(.text) for __user_initial_stackheap
    sys_stackheap_outer.o(__vectab_stack_and_reset_area) refers to tempstk.o(.text) for __temporary_stack_top
    sys_stackheap_outer.o(__vectab_stack_and_reset_area) refers to __main.o(!!!main) for __main
    exit.o(.text) refers to rtexit.o(.ARM.Collect$$rtexit$$00000000) for __rt_exit
    defsig_fpe_outer.o(.text) refers to defsig_fpe_inner.o(.text) for __rt_SIGFPE_inner
    defsig_fpe_outer.o(.text) refers to defsig_exit.o(.text) for __sig_exit
    defsig_fpe_formal.o(.text) refers to rt_raise.o(.text) for __rt_raise
    libinit.o(.ARM.Collect$$libinit$$00000000) refers (Special) to libinit2.o(.ARM.Collect$$libinit$$0000002E) for __rt_lib_init_alloca_1
    libinit.o(.ARM.Collect$$libinit$$00000000) refers (Special) to libinit2.o(.ARM.Collect$$libinit$$0000002C) for __rt_lib_init_argv_1
    libinit.o(.ARM.Collect$$libinit$$00000000) refers (Special) to libinit2.o(.ARM.Collect$$libinit$$0000001B) for __rt_lib_init_atexit_1
    libinit.o(.ARM.Collect$$libinit$$00000000) refers (Special) to libinit2.o(.ARM.Collect$$libinit$$00000021) for __rt_lib_init_clock_1
    libinit.o(.ARM.Collect$$libinit$$00000000) refers (Special) to libinit2.o(.ARM.Collect$$libinit$$00000032) for __rt_lib_init_cpp_1
    libinit.o(.ARM.Collect$$libinit$$00000000) refers (Special) to libinit2.o(.ARM.Collect$$libinit$$00000030) for __rt_lib_init_exceptions_1
    libinit.o(.ARM.Collect$$libinit$$00000000) refers (Special) to libinit2.o(.ARM.Collect$$libinit$$00000002) for __rt_lib_init_fp_1
    libinit.o(.ARM.Collect$$libinit$$00000000) refers (Special) to libinit2.o(.ARM.Collect$$libinit$$0000001F) for __rt_lib_init_fp_trap_1
    libinit.o(.ARM.Collect$$libinit$$00000000) refers (Special) to libinit2.o(.ARM.Collect$$libinit$$00000023) for __rt_lib_init_getenv_1
    libinit.o(.ARM.Collect$$libinit$$00000000) refers (Special) to libinit2.o(.ARM.Collect$$libinit$$0000000A) for __rt_lib_init_heap_1
    libinit.o(.ARM.Collect$$libinit$$00000000) refers (Special) to libinit2.o(.ARM.Collect$$libinit$$00000011) for __rt_lib_init_lc_collate_1
    libinit.o(.ARM.Collect$$libinit$$00000000) refers (Special) to libinit2.o(.ARM.Collect$$libinit$$00000013) for __rt_lib_init_lc_ctype_1
    libinit.o(.ARM.Collect$$libinit$$00000000) refers (Special) to libinit2.o(.ARM.Collect$$libinit$$00000015) for __rt_lib_init_lc_monetary_1
    libinit.o(.ARM.Collect$$libinit$$00000000) refers (Special) to libinit2.o(.ARM.Collect$$libinit$$00000017) for __rt_lib_init_lc_numeric_1
    libinit.o(.ARM.Collect$$libinit$$00000000) refers (Special) to libinit2.o(.ARM.Collect$$libinit$$00000019) for __rt_lib_init_lc_time_1
    libinit.o(.ARM.Collect$$libinit$$00000000) refers (Special) to libinit2.o(.ARM.Collect$$libinit$$00000004) for __rt_lib_init_preinit_1
    libinit.o(.ARM.Collect$$libinit$$00000000) refers (Special) to libinit2.o(.ARM.Collect$$libinit$$0000000E) for __rt_lib_init_rand_1
    libinit.o(.ARM.Collect$$libinit$$00000000) refers (Special) to libinit2.o(.ARM.Collect$$libinit$$00000033) for __rt_lib_init_return
    libinit.o(.ARM.Collect$$libinit$$00000000) refers (Special) to libinit2.o(.ARM.Collect$$libinit$$0000001D) for __rt_lib_init_signal_1
    libinit.o(.ARM.Collect$$libinit$$00000000) refers (Special) to libinit2.o(.ARM.Collect$$libinit$$00000025) for __rt_lib_init_stdio_1
    libinit.o(.ARM.Collect$$libinit$$00000000) refers (Special) to libinit2.o(.ARM.Collect$$libinit$$0000000C) for __rt_lib_init_user_alloc_1
    libspace.o(.text) refers to libspace.o(.bss) for __libspace_start
    rtexit.o(.ARM.Collect$$rtexit$$00000000) refers (Special) to rtexit2.o(.ARM.Collect$$rtexit$$00000004) for __rt_exit_exit
    rtexit.o(.ARM.Collect$$rtexit$$00000000) refers (Special) to rtexit2.o(.ARM.Collect$$rtexit$$00000003) for __rt_exit_ls
    rtexit.o(.ARM.Collect$$rtexit$$00000000) refers (Special) to rtexit2.o(.ARM.Collect$$rtexit$$00000002) for __rt_exit_prels_1
    rtexit.o(.ARM.exidx) refers (Special) to rtexit2.o(.ARM.Collect$$rtexit$$00000004) for __rt_exit_exit
    rtexit.o(.ARM.exidx) refers (Special) to rtexit2.o(.ARM.Collect$$rtexit$$00000003) for __rt_exit_ls
    rtexit.o(.ARM.exidx) refers (Special) to rtexit2.o(.ARM.Collect$$rtexit$$00000002) for __rt_exit_prels_1
    rtexit.o(.ARM.exidx) refers to rtexit.o(.ARM.Collect$$rtexit$$00000000) for .ARM.Collect$$rtexit$$00000000
    rt_raise.o(.text) refers to __raise.o(.text) for __raise
    rt_raise.o(.text) refers to sys_exit.o(.text) for _sys_exit
    defsig_exit.o(.text) refers to sys_exit.o(.text) for _sys_exit
    defsig_fpe_inner.o(.text) refers to defsig_general.o(.text) for __default_signal_display
    libinit2.o(.ARM.Collect$$libinit$$00000010) refers to libinit2.o(.ARM.Collect$$libinit$$0000000F) for .ARM.Collect$$libinit$$0000000F
    libinit2.o(.ARM.Collect$$libinit$$00000012) refers to libinit2.o(.ARM.Collect$$libinit$$0000000F) for .ARM.Collect$$libinit$$0000000F
    libinit2.o(.ARM.Collect$$libinit$$00000014) refers to libinit2.o(.ARM.Collect$$libinit$$0000000F) for .ARM.Collect$$libinit$$0000000F
    libinit2.o(.ARM.Collect$$libinit$$00000016) refers to libinit2.o(.ARM.Collect$$libinit$$0000000F) for .ARM.Collect$$libinit$$0000000F
    libinit2.o(.ARM.Collect$$libinit$$00000018) refers to libinit2.o(.ARM.Collect$$libinit$$0000000F) for .ARM.Collect$$libinit$$0000000F
    libinit2.o(.ARM.Collect$$libinit$$00000026) refers to argv_veneer.o(.text) for __ARM_argv_veneer
    libinit2.o(.ARM.Collect$$libinit$$00000027) refers to argv_veneer.o(.text) for __ARM_argv_veneer
    sys_exit.o(.text) refers (Special) to use_no_semi.o(.text) for __I$use$semihosting
    sys_exit.o(.text) refers (Special) to indicate_semi.o(.text) for __semihosting_library_function
    rtexit2.o(.ARM.Collect$$rtexit$$00000003) refers to libshutdown.o(.ARM.Collect$$libshutdown$$00000000) for __rt_lib_shutdown
    rtexit2.o(.ARM.Collect$$rtexit$$00000004) refers to sys_exit.o(.text) for _sys_exit
    rtexit2.o(.ARM.exidx) refers to rtexit2.o(.ARM.Collect$$rtexit$$00000001) for .ARM.Collect$$rtexit$$00000001
    rtexit2.o(.ARM.exidx) refers to rtexit2.o(.ARM.Collect$$rtexit$$00000003) for .ARM.Collect$$rtexit$$00000003
    rtexit2.o(.ARM.exidx) refers to rtexit2.o(.ARM.Collect$$rtexit$$00000004) for .ARM.Collect$$rtexit$$00000004
    __raise.o(.text) refers to defsig.o(CL$$defsig) for __default_signal_handler
    defsig_general.o(.text) refers to sys_wrch.o(.text) for _ttywrch
    sys_wrch.o(.text) refers (Special) to use_no_semi.o(.text) for __I$use$semihosting
    sys_wrch.o(.text) refers (Special) to indicate_semi.o(.text) for __semihosting_library_function
    defsig.o(CL$$defsig) refers to defsig_fpe_inner.o(.text) for __rt_SIGFPE_inner
    defsig.o(CL$$defsig) refers to defsig_rtmem_inner.o(.text) for __rt_SIGRTMEM_inner
    _get_argv_nomalloc.o(.text) refers (Special) to hrguard.o(.text) for __heap_region$guard
    _get_argv_nomalloc.o(.text) refers to defsig_rtmem_outer.o(.text) for __rt_SIGRTMEM
    _get_argv_nomalloc.o(.text) refers to sys_command.o(.text) for _sys_command_string
    libshutdown.o(.ARM.Collect$$libshutdown$$00000000) refers (Special) to libshutdown2.o(.ARM.Collect$$libshutdown$$00000002) for __rt_lib_shutdown_cpp_1
    libshutdown.o(.ARM.Collect$$libshutdown$$00000000) refers (Special) to libshutdown2.o(.ARM.Collect$$libshutdown$$00000007) for __rt_lib_shutdown_fp_trap_1
    libshutdown.o(.ARM.Collect$$libshutdown$$00000000) refers (Special) to libshutdown2.o(.ARM.Collect$$libshutdown$$0000000F) for __rt_lib_shutdown_heap_1
    libshutdown.o(.ARM.Collect$$libshutdown$$00000000) refers (Special) to libshutdown2.o(.ARM.Collect$$libshutdown$$00000010) for __rt_lib_shutdown_return
    libshutdown.o(.ARM.Collect$$libshutdown$$00000000) refers (Special) to libshutdown2.o(.ARM.Collect$$libshutdown$$0000000A) for __rt_lib_shutdown_signal_1
    libshutdown.o(.ARM.Collect$$libshutdown$$00000000) refers (Special) to libshutdown2.o(.ARM.Collect$$libshutdown$$00000004) for __rt_lib_shutdown_stdio_1
    libshutdown.o(.ARM.Collect$$libshutdown$$00000000) refers (Special) to libshutdown2.o(.ARM.Collect$$libshutdown$$0000000C) for __rt_lib_shutdown_user_alloc_1
    sys_command.o(.text) refers (Special) to use_no_semi.o(.text) for __I$use$semihosting
    sys_command.o(.text) refers (Special) to indicate_semi.o(.text) for __semihosting_library_function
    defsig_abrt_inner.o(.text) refers to defsig_general.o(.text) for __default_signal_display
    defsig_rtred_inner.o(.text) refers to defsig_general.o(.text) for __default_signal_display
    defsig_rtmem_inner.o(.text) refers to defsig_general.o(.text) for __default_signal_display
    defsig_rtmem_outer.o(.text) refers to defsig_rtmem_inner.o(.text) for __rt_SIGRTMEM_inner
    defsig_rtmem_outer.o(.text) refers to defsig_exit.o(.text) for __sig_exit
    defsig_rtmem_formal.o(.text) refers to rt_raise.o(.text) for __rt_raise
    defsig_stak_inner.o(.text) refers to defsig_general.o(.text) for __default_signal_display
    defsig_pvfn_inner.o(.text) refers to defsig_general.o(.text) for __default_signal_display
    defsig_cppl_inner.o(.text) refers to defsig_general.o(.text) for __default_signal_display
    defsig_segv_inner.o(.text) refers to defsig_general.o(.text) for __default_signal_display
    defsig_other.o(.text) refers to defsig_general.o(.text) for __default_signal_display
    uart.o(i.send_char_cr) refers to uart.o(i.send_char) for send_char
    uart.o(i.send_char_cr) refers to uart.o(i.send_cr) for send_cr


==============================================================================

Removing Unused input sections from the image.

    Removing main.o(.rev16_text), (4 bytes).
    Removing main.o(.revsh_text), (4 bytes).
    Removing main.o(.constdata), (8 bytes).
    Removing uart.o(.rev16_text), (4 bytes).
    Removing uart.o(.revsh_text), (4 bytes).
    Removing uart.o(i.UartReSendChar), (40 bytes).
    Removing uart.o(i.UartSendCharCR), (12 bytes).
    Removing uart.o(i.UartSendError), (44 bytes).
    Removing exti.o(.rev16_text), (4 bytes).
    Removing exti.o(.revsh_text), (4 bytes).
    Removing clock.o(.rev16_text), (4 bytes).
    Removing clock.o(.revsh_text), (4 bytes).
    Removing clock.o(.constdata), (4 bytes).
    Removing rtc.o(.rev16_text), (4 bytes).
    Removing rtc.o(.revsh_text), (4 bytes).
    Removing rtc.o(i.GetCurDateTimeRTC_BIN), (172 bytes).
    Removing rtc.o(i.rtc_bcd2byte), (26 bytes).
    Removing tim_basic.o(.rev16_text), (4 bytes).
    Removing tim_basic.o(.revsh_text), (4 bytes).
    Removing system_stm32f0xx.o(.rev16_text), (4 bytes).
    Removing system_stm32f0xx.o(.revsh_text), (4 bytes).
    Removing system_stm32f0xx.o(i.SystemCoreClockUpdate), (208 bytes).
    Removing system_stm32f0xx.o(.constdata), (16 bytes).
    Removing system_stm32f0xx.o(.data), (4 bytes).
    Removing uart.o(i.send_char_cr), (16 bytes).

25 unused section(s) (total 606 bytes) removed from the image.

==============================================================================

Image Symbol Table

    Local Symbols

    Symbol Name                              Value     Ov Type        Size  Object(Section)

    ../clib/angel/boardlib.s                 0x00000000   Number         0  boardshut.o ABSOLUTE
    ../clib/angel/boardlib.s                 0x00000000   Number         0  boardinit3.o ABSOLUTE
    ../clib/angel/boardlib.s                 0x00000000   Number         0  boardinit2.o ABSOLUTE
    ../clib/angel/boardlib.s                 0x00000000   Number         0  boardinit1.o ABSOLUTE
    ../clib/angel/handlers.s                 0x00000000   Number         0  __scatter_zi.o ABSOLUTE
    ../clib/angel/handlers.s                 0x00000000   Number         0  __scatter_copy.o ABSOLUTE
    ../clib/angel/kernel.s                   0x00000000   Number         0  __rtentry4.o ABSOLUTE
    ../clib/angel/kernel.s                   0x00000000   Number         0  rtexit.o ABSOLUTE
    ../clib/angel/kernel.s                   0x00000000   Number         0  __rtentry2.o ABSOLUTE
    ../clib/angel/kernel.s                   0x00000000   Number         0  __rtentry.o ABSOLUTE
    ../clib/angel/kernel.s                   0x00000000   Number         0  rtexit2.o ABSOLUTE
    ../clib/angel/rt.s                       0x00000000   Number         0  rt_div0.o ABSOLUTE
    ../clib/angel/rt.s                       0x00000000   Number         0  aeabi_idiv0_sigfpe.o ABSOLUTE
    ../clib/angel/rt.s                       0x00000000   Number         0  aeabi_idiv0.o ABSOLUTE
    ../clib/angel/rt.s                       0x00000000   Number         0  rt_raise.o ABSOLUTE
    ../clib/angel/scatterp.s                 0x00000000   Number         0  __scatter.o ABSOLUTE
    ../clib/angel/startup.s                  0x00000000   Number         0  __main.o ABSOLUTE
    ../clib/angel/sys.s                      0x00000000   Number         0  sys_stackheap_outer.o ABSOLUTE
    ../clib/angel/sys.s                      0x00000000   Number         0  libspace.o ABSOLUTE
    ../clib/angel/sys.s                      0x00000000   Number         0  tempstk.o ABSOLUTE
    ../clib/angel/sys.s                      0x00000000   Number         0  use_no_semi.o ABSOLUTE
    ../clib/angel/sys.s                      0x00000000   Number         0  indicate_semi.o ABSOLUTE
    ../clib/angel/sysapp.c                   0x00000000   Number         0  sys_command.o ABSOLUTE
    ../clib/angel/sysapp.c                   0x00000000   Number         0  sys_exit.o ABSOLUTE
    ../clib/angel/sysapp.c                   0x00000000   Number         0  sys_wrch.o ABSOLUTE
    ../clib/armsys.c                         0x00000000   Number         0  _get_argv_nomalloc.o ABSOLUTE
    ../clib/armsys.c                         0x00000000   Number         0  no_argv.o ABSOLUTE
    ../clib/armsys.c                         0x00000000   Number         0  argv_veneer.o ABSOLUTE
    ../clib/division.s                       0x00000000   Number         0  aeabi_sdiv_div0.o ABSOLUTE
    ../clib/division.s                       0x00000000   Number         0  aeabi_sdiv.o ABSOLUTE
    ../clib/heapalloc.c                      0x00000000   Number         0  hrguard.o ABSOLUTE
    ../clib/heapaux.c                        0x00000000   Number         0  heapauxi.o ABSOLUTE
    ../clib/libinit.s                        0x00000000   Number         0  libshutdown2.o ABSOLUTE
    ../clib/libinit.s                        0x00000000   Number         0  libinit2.o ABSOLUTE
    ../clib/libinit.s                        0x00000000   Number         0  libinit.o ABSOLUTE
    ../clib/libinit.s                        0x00000000   Number         0  libshutdown.o ABSOLUTE
    ../clib/signal.c                         0x00000000   Number         0  defsig_fpe_formal.o ABSOLUTE
    ../clib/signal.c                         0x00000000   Number         0  defsig_abrt_inner.o ABSOLUTE
    ../clib/signal.c                         0x00000000   Number         0  defsig_rtmem_outer.o ABSOLUTE
    ../clib/signal.c                         0x00000000   Number         0  defsig_rtred_inner.o ABSOLUTE
    ../clib/signal.c                         0x00000000   Number         0  defsig_general.o ABSOLUTE
    ../clib/signal.c                         0x00000000   Number         0  __raise.o ABSOLUTE
    ../clib/signal.c                         0x00000000   Number         0  defsig_rtmem_inner.o ABSOLUTE
    ../clib/signal.c                         0x00000000   Number         0  defsig_rtmem_formal.o ABSOLUTE
    ../clib/signal.c                         0x00000000   Number         0  defsig_fpe_inner.o ABSOLUTE
    ../clib/signal.c                         0x00000000   Number         0  defsig_stak_inner.o ABSOLUTE
    ../clib/signal.c                         0x00000000   Number         0  defsig_pvfn_inner.o ABSOLUTE
    ../clib/signal.c                         0x00000000   Number         0  defsig_cppl_inner.o ABSOLUTE
    ../clib/signal.c                         0x00000000   Number         0  defsig_exit.o ABSOLUTE
    ../clib/signal.c                         0x00000000   Number         0  defsig_fpe_outer.o ABSOLUTE
    ../clib/signal.c                         0x00000000   Number         0  defsig_segv_inner.o ABSOLUTE
    ../clib/signal.c                         0x00000000   Number         0  defsig_other.o ABSOLUTE
    ../clib/signal.s                         0x00000000   Number         0  defsig.o ABSOLUTE
    ../clib/stdlib.c                         0x00000000   Number         0  exit.o ABSOLUTE
    ../fplib/cfplib/fpinit.c                 0x00000000   Number         0  fpinit.o ABSOLUTE
    RTE\Device\STM32F091RC\startup_stm32f091xc.s 0x00000000   Number         0  startup_stm32f091xc.o ABSOLUTE
    RTE\Device\STM32F091RC\system_stm32f0xx.c 0x00000000   Number         0  system_stm32f0xx.o ABSOLUTE
    RTE\\Device\\STM32F091RC\\system_stm32f0xx.c 0x00000000   Number         0  system_stm32f0xx.o ABSOLUTE
    dc.s                                     0x00000000   Number         0  dc.o ABSOLUTE
    user\\clock.c                            0x00000000   Number         0  clock.o ABSOLUTE
    user\\exti.c                             0x00000000   Number         0  exti.o ABSOLUTE
    user\\main.c                             0x00000000   Number         0  main.o ABSOLUTE
    user\\rtc.c                              0x00000000   Number         0  rtc.o ABSOLUTE
    user\\tim_basic.c                        0x00000000   Number         0  tim_basic.o ABSOLUTE
    user\\uart.c                             0x00000000   Number         0  uart.o ABSOLUTE
    user\clock.c                             0x00000000   Number         0  clock.o ABSOLUTE
    user\exti.c                              0x00000000   Number         0  exti.o ABSOLUTE
    user\main.c                              0x00000000   Number         0  main.o ABSOLUTE
    user\rtc.c                               0x00000000   Number         0  rtc.o ABSOLUTE
    user\tim_basic.c                         0x00000000   Number         0  tim_basic.o ABSOLUTE
    user\uart.c                              0x00000000   Number         0  uart.o ABSOLUTE
    RESET                                    0x08000000   Section      188  startup_stm32f091xc.o(RESET)
    !!!main                                  0x080000bc   Section        8  __main.o(!!!main)
    !!!scatter                               0x080000c4   Section       60  __scatter.o(!!!scatter)
    !!handler_copy                           0x08000100   Section       26  __scatter_copy.o(!!handler_copy)
    !!handler_zi                             0x0800011c   Section       28  __scatter_zi.o(!!handler_zi)
    .ARM.Collect$$libinit$$00000000          0x08000138   Section        2  libinit.o(.ARM.Collect$$libinit$$00000000)
    .ARM.Collect$$libinit$$00000002          0x0800013a   Section        0  libinit2.o(.ARM.Collect$$libinit$$00000002)
    .ARM.Collect$$libinit$$00000004          0x0800013a   Section        0  libinit2.o(.ARM.Collect$$libinit$$00000004)
    .ARM.Collect$$libinit$$0000000A          0x0800013a   Section        0  libinit2.o(.ARM.Collect$$libinit$$0000000A)
    .ARM.Collect$$libinit$$0000000C          0x0800013a   Section        0  libinit2.o(.ARM.Collect$$libinit$$0000000C)
    .ARM.Collect$$libinit$$0000000E          0x0800013a   Section        0  libinit2.o(.ARM.Collect$$libinit$$0000000E)
    .ARM.Collect$$libinit$$00000011          0x0800013a   Section        0  libinit2.o(.ARM.Collect$$libinit$$00000011)
    .ARM.Collect$$libinit$$00000013          0x0800013a   Section        0  libinit2.o(.ARM.Collect$$libinit$$00000013)
    .ARM.Collect$$libinit$$00000015          0x0800013a   Section        0  libinit2.o(.ARM.Collect$$libinit$$00000015)
    .ARM.Collect$$libinit$$00000017          0x0800013a   Section        0  libinit2.o(.ARM.Collect$$libinit$$00000017)
    .ARM.Collect$$libinit$$00000019          0x0800013a   Section        0  libinit2.o(.ARM.Collect$$libinit$$00000019)
    .ARM.Collect$$libinit$$0000001B          0x0800013a   Section        0  libinit2.o(.ARM.Collect$$libinit$$0000001B)
    .ARM.Collect$$libinit$$0000001D          0x0800013a   Section        0  libinit2.o(.ARM.Collect$$libinit$$0000001D)
    .ARM.Collect$$libinit$$0000001F          0x0800013a   Section        0  libinit2.o(.ARM.Collect$$libinit$$0000001F)
    .ARM.Collect$$libinit$$00000021          0x0800013a   Section        0  libinit2.o(.ARM.Collect$$libinit$$00000021)
    .ARM.Collect$$libinit$$00000023          0x0800013a   Section        0  libinit2.o(.ARM.Collect$$libinit$$00000023)
    .ARM.Collect$$libinit$$00000025          0x0800013a   Section        0  libinit2.o(.ARM.Collect$$libinit$$00000025)
    .ARM.Collect$$libinit$$0000002C          0x0800013a   Section        0  libinit2.o(.ARM.Collect$$libinit$$0000002C)
    .ARM.Collect$$libinit$$0000002E          0x0800013a   Section        0  libinit2.o(.ARM.Collect$$libinit$$0000002E)
    .ARM.Collect$$libinit$$00000030          0x0800013a   Section        0  libinit2.o(.ARM.Collect$$libinit$$00000030)
    .ARM.Collect$$libinit$$00000032          0x0800013a   Section        0  libinit2.o(.ARM.Collect$$libinit$$00000032)
    .ARM.Collect$$libinit$$00000033          0x0800013a   Section        2  libinit2.o(.ARM.Collect$$libinit$$00000033)
    .ARM.Collect$$libshutdown$$00000000      0x0800013c   Section        2  libshutdown.o(.ARM.Collect$$libshutdown$$00000000)
    .ARM.Collect$$libshutdown$$00000002      0x0800013e   Section        0  libshutdown2.o(.ARM.Collect$$libshutdown$$00000002)
    .ARM.Collect$$libshutdown$$00000004      0x0800013e   Section        0  libshutdown2.o(.ARM.Collect$$libshutdown$$00000004)
    .ARM.Collect$$libshutdown$$00000007      0x0800013e   Section        0  libshutdown2.o(.ARM.Collect$$libshutdown$$00000007)
    .ARM.Collect$$libshutdown$$0000000A      0x0800013e   Section        0  libshutdown2.o(.ARM.Collect$$libshutdown$$0000000A)
    .ARM.Collect$$libshutdown$$0000000C      0x0800013e   Section        0  libshutdown2.o(.ARM.Collect$$libshutdown$$0000000C)
    .ARM.Collect$$libshutdown$$0000000F      0x0800013e   Section        0  libshutdown2.o(.ARM.Collect$$libshutdown$$0000000F)
    .ARM.Collect$$libshutdown$$00000010      0x0800013e   Section        2  libshutdown2.o(.ARM.Collect$$libshutdown$$00000010)
    .ARM.Collect$$rtentry$$00000000          0x08000140   Section        0  __rtentry.o(.ARM.Collect$$rtentry$$00000000)
    .ARM.Collect$$rtentry$$00000002          0x08000140   Section        0  __rtentry2.o(.ARM.Collect$$rtentry$$00000002)
    .ARM.Collect$$rtentry$$00000004          0x08000140   Section        6  __rtentry4.o(.ARM.Collect$$rtentry$$00000004)
    .ARM.Collect$$rtentry$$00000009          0x08000146   Section        0  __rtentry2.o(.ARM.Collect$$rtentry$$00000009)
    .ARM.Collect$$rtentry$$0000000A          0x08000146   Section        4  __rtentry2.o(.ARM.Collect$$rtentry$$0000000A)
    .ARM.Collect$$rtentry$$0000000C          0x0800014a   Section        0  __rtentry2.o(.ARM.Collect$$rtentry$$0000000C)
    .ARM.Collect$$rtentry$$0000000D          0x0800014a   Section        8  __rtentry2.o(.ARM.Collect$$rtentry$$0000000D)
    .ARM.Collect$$rtexit$$00000000           0x08000152   Section        2  rtexit.o(.ARM.Collect$$rtexit$$00000000)
    .ARM.Collect$$rtexit$$00000002           0x08000154   Section        0  rtexit2.o(.ARM.Collect$$rtexit$$00000002)
    .ARM.Collect$$rtexit$$00000003           0x08000154   Section        4  rtexit2.o(.ARM.Collect$$rtexit$$00000003)
    .ARM.Collect$$rtexit$$00000004           0x08000158   Section        6  rtexit2.o(.ARM.Collect$$rtexit$$00000004)
    .text                                    0x08000160   Section       56  startup_stm32f091xc.o(.text)
    .text                                    0x08000198   Section        0  heapauxi.o(.text)
    .text                                    0x0800019e   Section       62  sys_stackheap_outer.o(.text)
    .text                                    0x080001dc   Section        0  exit.o(.text)
    .text                                    0x080001ec   Section        8  libspace.o(.text)
    .text                                    0x080001f4   Section        0  sys_exit.o(.text)
    .text                                    0x08000200   Section        2  use_no_semi.o(.text)
    .text                                    0x08000202   Section        0  indicate_semi.o(.text)
    i.ConfigureExternalIT                    0x08000204   Section        0  exti.o(i.ConfigureExternalIT)
    i.ConfigureGPIO                          0x08000274   Section        0  exti.o(i.ConfigureGPIO)
    i.Configure_GPIO_USART7                  0x080002e4   Section        0  uart.o(i.Configure_GPIO_USART7)
    i.Configure_USART7                       0x08000318   Section        0  uart.o(i.Configure_USART7)
    i.EXTI4_15_IRQHandler                    0x08000390   Section        0  main.o(i.EXTI4_15_IRQHandler)
    i.GetCurDateTimeRTC_BCD                  0x080003c4   Section        0  rtc.o(i.GetCurDateTimeRTC_BCD)
    i.HardFault_Handler                      0x0800048c   Section        0  main.o(i.HardFault_Handler)
    i.INIT_RTC_LSE                           0x08000490   Section        0  rtc.o(i.INIT_RTC_LSE)
    i.InitTimBasic                           0x080004b4   Section        0  tim_basic.o(i.InitTimBasic)
    i.NMI_Handler                            0x0800050c   Section        0  main.o(i.NMI_Handler)
    i.NVIC_SetPriority                       0x08000510   Section        0  uart.o(i.NVIC_SetPriority)
    NVIC_SetPriority                         0x08000511   Thumb Code   110  uart.o(i.NVIC_SetPriority)
    i.NVIC_SetPriority                       0x08000588   Section        0  exti.o(i.NVIC_SetPriority)
    NVIC_SetPriority                         0x08000589   Thumb Code   110  exti.o(i.NVIC_SetPriority)
    i.NVIC_SetPriority                       0x08000600   Section        0  tim_basic.o(i.NVIC_SetPriority)
    NVIC_SetPriority                         0x08000601   Thumb Code   110  tim_basic.o(i.NVIC_SetPriority)
    i.SendCurDateTime                        0x08000678   Section        0  main.o(i.SendCurDateTime)
    i.SetDateTimeRTC                         0x0800072c   Section        0  rtc.o(i.SetDateTimeRTC)
    i.SetSysClock                            0x08000738   Section        0  clock.o(i.SetSysClock)
    i.SystemInit                             0x08000830   Section        0  system_stm32f0xx.o(i.SystemInit)
    i.TIM7_IRQHandler                        0x080008a8   Section        0  main.o(i.TIM7_IRQHandler)
    i.USART3_8_IRQHandler                    0x080008f0   Section        0  main.o(i.USART3_8_IRQHandler)
    i.UartGetReceivedChar                    0x0800095c   Section        0  uart.o(i.UartGetReceivedChar)
    i.UartSendBytes                          0x08000a10   Section        0  uart.o(i.UartSendBytes)
    i.UartSendString                         0x08000a34   Section        0  uart.o(i.UartSendString)
    i.disable_rtc_init_state                 0x08000a58   Section        0  rtc.o(i.disable_rtc_init_state)
    i.enable_rtc_init_state                  0x08000a74   Section        0  rtc.o(i.enable_rtc_init_state)
    i.main                                   0x08000aa0   Section        0  main.o(i.main)
    i.rtc_byte2bcd                           0x08000b20   Section        0  rtc.o(i.rtc_byte2bcd)
    i.send_char                              0x08000b3c   Section        0  uart.o(i.send_char)
    i.send_cr                                0x08000b58   Section        0  uart.o(i.send_cr)
    i.set_bcd_date_time                      0x08000b78   Section        0  rtc.o(i.set_bcd_date_time)
    i.start_getting_datetime                 0x08000bec   Section        0  main.o(i.start_getting_datetime)
    i.turn_rtc_lse_on                        0x08000c44   Section        0  rtc.o(i.turn_rtc_lse_on)
    .conststring                             0x08000cc4   Section       11  main.o(.conststring)
    .data                                    0x20000000   Section       33  main.o(.data)
    .data                                    0x20000024   Section       16  uart.o(.data)
    .bss                                     0x20000034   Section       45  main.o(.bss)
    .bss                                     0x20000064   Section       96  libspace.o(.bss)
    HEAP                                     0x200000c8   Section      512  startup_stm32f091xc.o(HEAP)
    Heap_Mem                                 0x200000c8   Data         512  startup_stm32f091xc.o(HEAP)
    STACK                                    0x200002c8   Section     1024  startup_stm32f091xc.o(STACK)
    Stack_Mem                                0x200002c8   Data        1024  startup_stm32f091xc.o(STACK)
    __initial_sp                             0x200006c8   Data           0  startup_stm32f091xc.o(STACK)

    Global Symbols

    Symbol Name                              Value     Ov Type        Size  Object(Section)

    BuildAttributes$$THM_ISAv3M$S$PE$A:L22$X:L11$S22$IEEE1$IW$USESV6$~STKCKD$USESV7$~SHL$OSPACE$ROPI$EBA8$UX$STANDARDLIB$REQ8$PRES8$EABIv2 0x00000000   Number         0  anon$$obj.o ABSOLUTE
    __ARM_use_no_argv                        0x00000000   Number         0  main.o ABSOLUTE
    __ARM_exceptions_init                     - Undefined Weak Reference
    __alloca_initialize                       - Undefined Weak Reference
    __arm_preinit_                            - Undefined Weak Reference
    __cpp_initialize__aeabi_                  - Undefined Weak Reference
    __cxa_finalize                            - Undefined Weak Reference
    __rt_locale                               - Undefined Weak Reference
    __sigvec_lookup                           - Undefined Weak Reference
    _atexit_init                              - Undefined Weak Reference
    _call_atexit_fns                          - Undefined Weak Reference
    _clock_init                               - Undefined Weak Reference
    _fp_trap_init                             - Undefined Weak Reference
    _fp_trap_shutdown                         - Undefined Weak Reference
    _get_lc_collate                           - Undefined Weak Reference
    _get_lc_ctype                             - Undefined Weak Reference
    _get_lc_monetary                          - Undefined Weak Reference
    _get_lc_numeric                           - Undefined Weak Reference
    _get_lc_time                              - Undefined Weak Reference
    _getenv_init                              - Undefined Weak Reference
    _handle_redirection                       - Undefined Weak Reference
    _init_alloc                               - Undefined Weak Reference
    _init_user_alloc                          - Undefined Weak Reference
    _initio                                   - Undefined Weak Reference
    _rand_init                                - Undefined Weak Reference
    _signal_finish                            - Undefined Weak Reference
    _signal_init                              - Undefined Weak Reference
    _terminate_alloc                          - Undefined Weak Reference
    _terminate_user_alloc                     - Undefined Weak Reference
    _terminateio                              - Undefined Weak Reference
    __Vectors_Size                           0x000000bc   Number         0  startup_stm32f091xc.o ABSOLUTE
    __Vectors                                0x08000000   Data           4  startup_stm32f091xc.o(RESET)
    __Vectors_End                            0x080000bc   Data           0  startup_stm32f091xc.o(RESET)
    __main                                   0x080000bd   Thumb Code     8  __main.o(!!!main)
    __scatterload                            0x080000c5   Thumb Code     0  __scatter.o(!!!scatter)
    __scatterload_rt2                        0x080000c5   Thumb Code    52  __scatter.o(!!!scatter)
    __scatterload_rt2_thumb_only             0x080000c5   Thumb Code     0  __scatter.o(!!!scatter)
    __scatterload_null                       0x080000d5   Thumb Code     0  __scatter.o(!!!scatter)
    __scatterload_copy                       0x08000101   Thumb Code    26  __scatter_copy.o(!!handler_copy)
    __scatterload_zeroinit                   0x0800011d   Thumb Code    28  __scatter_zi.o(!!handler_zi)
    __rt_lib_init                            0x08000139   Thumb Code     0  libinit.o(.ARM.Collect$$libinit$$00000000)
    __rt_lib_init_alloca_1                   0x0800013b   Thumb Code     0  libinit2.o(.ARM.Collect$$libinit$$0000002E)
    __rt_lib_init_argv_1                     0x0800013b   Thumb Code     0  libinit2.o(.ARM.Collect$$libinit$$0000002C)
    __rt_lib_init_atexit_1                   0x0800013b   Thumb Code     0  libinit2.o(.ARM.Collect$$libinit$$0000001B)
    __rt_lib_init_clock_1                    0x0800013b   Thumb Code     0  libinit2.o(.ARM.Collect$$libinit$$00000021)
    __rt_lib_init_cpp_1                      0x0800013b   Thumb Code     0  libinit2.o(.ARM.Collect$$libinit$$00000032)
    __rt_lib_init_exceptions_1               0x0800013b   Thumb Code     0  libinit2.o(.ARM.Collect$$libinit$$00000030)
    __rt_lib_init_fp_1                       0x0800013b   Thumb Code     0  libinit2.o(.ARM.Collect$$libinit$$00000002)
    __rt_lib_init_fp_trap_1                  0x0800013b   Thumb Code     0  libinit2.o(.ARM.Collect$$libinit$$0000001F)
    __rt_lib_init_getenv_1                   0x0800013b   Thumb Code     0  libinit2.o(.ARM.Collect$$libinit$$00000023)
    __rt_lib_init_heap_1                     0x0800013b   Thumb Code     0  libinit2.o(.ARM.Collect$$libinit$$0000000A)
    __rt_lib_init_lc_collate_1               0x0800013b   Thumb Code     0  libinit2.o(.ARM.Collect$$libinit$$00000011)
    __rt_lib_init_lc_ctype_1                 0x0800013b   Thumb Code     0  libinit2.o(.ARM.Collect$$libinit$$00000013)
    __rt_lib_init_lc_monetary_1              0x0800013b   Thumb Code     0  libinit2.o(.ARM.Collect$$libinit$$00000015)
    __rt_lib_init_lc_numeric_1               0x0800013b   Thumb Code     0  libinit2.o(.ARM.Collect$$libinit$$00000017)
    __rt_lib_init_lc_time_1                  0x0800013b   Thumb Code     0  libinit2.o(.ARM.Collect$$libinit$$00000019)
    __rt_lib_init_preinit_1                  0x0800013b   Thumb Code     0  libinit2.o(.ARM.Collect$$libinit$$00000004)
    __rt_lib_init_rand_1                     0x0800013b   Thumb Code     0  libinit2.o(.ARM.Collect$$libinit$$0000000E)
    __rt_lib_init_return                     0x0800013b   Thumb Code     0  libinit2.o(.ARM.Collect$$libinit$$00000033)
    __rt_lib_init_signal_1                   0x0800013b   Thumb Code     0  libinit2.o(.ARM.Collect$$libinit$$0000001D)
    __rt_lib_init_stdio_1                    0x0800013b   Thumb Code     0  libinit2.o(.ARM.Collect$$libinit$$00000025)
    __rt_lib_init_user_alloc_1               0x0800013b   Thumb Code     0  libinit2.o(.ARM.Collect$$libinit$$0000000C)
    __rt_lib_shutdown                        0x0800013d   Thumb Code     0  libshutdown.o(.ARM.Collect$$libshutdown$$00000000)
    __rt_lib_shutdown_cpp_1                  0x0800013f   Thumb Code     0  libshutdown2.o(.ARM.Collect$$libshutdown$$00000002)
    __rt_lib_shutdown_fp_trap_1              0x0800013f   Thumb Code     0  libshutdown2.o(.ARM.Collect$$libshutdown$$00000007)
    __rt_lib_shutdown_heap_1                 0x0800013f   Thumb Code     0  libshutdown2.o(.ARM.Collect$$libshutdown$$0000000F)
    __rt_lib_shutdown_return                 0x0800013f   Thumb Code     0  libshutdown2.o(.ARM.Collect$$libshutdown$$00000010)
    __rt_lib_shutdown_signal_1               0x0800013f   Thumb Code     0  libshutdown2.o(.ARM.Collect$$libshutdown$$0000000A)
    __rt_lib_shutdown_stdio_1                0x0800013f   Thumb Code     0  libshutdown2.o(.ARM.Collect$$libshutdown$$00000004)
    __rt_lib_shutdown_user_alloc_1           0x0800013f   Thumb Code     0  libshutdown2.o(.ARM.Collect$$libshutdown$$0000000C)
    __rt_entry                               0x08000141   Thumb Code     0  __rtentry.o(.ARM.Collect$$rtentry$$00000000)
    __rt_entry_presh_1                       0x08000141   Thumb Code     0  __rtentry2.o(.ARM.Collect$$rtentry$$00000002)
    __rt_entry_sh                            0x08000141   Thumb Code     0  __rtentry4.o(.ARM.Collect$$rtentry$$00000004)
    __rt_entry_li                            0x08000147   Thumb Code     0  __rtentry2.o(.ARM.Collect$$rtentry$$0000000A)
    __rt_entry_postsh_1                      0x08000147   Thumb Code     0  __rtentry2.o(.ARM.Collect$$rtentry$$00000009)
    __rt_entry_main                          0x0800014b   Thumb Code     0  __rtentry2.o(.ARM.Collect$$rtentry$$0000000D)
    __rt_entry_postli_1                      0x0800014b   Thumb Code     0  __rtentry2.o(.ARM.Collect$$rtentry$$0000000C)
    __rt_exit                                0x08000153   Thumb Code     0  rtexit.o(.ARM.Collect$$rtexit$$00000000)
    __rt_exit_ls                             0x08000155   Thumb Code     0  rtexit2.o(.ARM.Collect$$rtexit$$00000003)
    __rt_exit_prels_1                        0x08000155   Thumb Code     0  rtexit2.o(.ARM.Collect$$rtexit$$00000002)
    __rt_exit_exit                           0x08000159   Thumb Code     0  rtexit2.o(.ARM.Collect$$rtexit$$00000004)
    Reset_Handler                            0x08000161   Thumb Code     8  startup_stm32f091xc.o(.text)
    SVC_Handler                              0x0800016d   Thumb Code     2  startup_stm32f091xc.o(.text)
    PendSV_Handler                           0x0800016f   Thumb Code     2  startup_stm32f091xc.o(.text)
    SysTick_Handler                          0x08000171   Thumb Code     2  startup_stm32f091xc.o(.text)
    ADC1_COMP_IRQHandler                     0x08000173   Thumb Code     0  startup_stm32f091xc.o(.text)
    CEC_CAN_IRQHandler                       0x08000173   Thumb Code     0  startup_stm32f091xc.o(.text)
    DMA1_Ch1_IRQHandler                      0x08000173   Thumb Code     0  startup_stm32f091xc.o(.text)
    DMA1_Ch2_3_DMA2_Ch1_2_IRQHandler         0x08000173   Thumb Code     0  startup_stm32f091xc.o(.text)
    DMA1_Ch4_7_DMA2_Ch3_5_IRQHandler         0x08000173   Thumb Code     0  startup_stm32f091xc.o(.text)
    EXTI0_1_IRQHandler                       0x08000173   Thumb Code     0  startup_stm32f091xc.o(.text)
    EXTI2_3_IRQHandler                       0x08000173   Thumb Code     0  startup_stm32f091xc.o(.text)
    FLASH_IRQHandler                         0x08000173   Thumb Code     0  startup_stm32f091xc.o(.text)
    I2C1_IRQHandler                          0x08000173   Thumb Code     0  startup_stm32f091xc.o(.text)
    I2C2_IRQHandler                          0x08000173   Thumb Code     0  startup_stm32f091xc.o(.text)
    PVD_VDDIO2_IRQHandler                    0x08000173   Thumb Code     0  startup_stm32f091xc.o(.text)
    RCC_CRS_IRQHandler                       0x08000173   Thumb Code     0  startup_stm32f091xc.o(.text)
    RTC_IRQHandler                           0x08000173   Thumb Code     0  startup_stm32f091xc.o(.text)
    SPI1_IRQHandler                          0x08000173   Thumb Code     0  startup_stm32f091xc.o(.text)
    SPI2_IRQHandler                          0x08000173   Thumb Code     0  startup_stm32f091xc.o(.text)
    TIM14_IRQHandler                         0x08000173   Thumb Code     0  startup_stm32f091xc.o(.text)
    TIM15_IRQHandler                         0x08000173   Thumb Code     0  startup_stm32f091xc.o(.text)
    TIM16_IRQHandler                         0x08000173   Thumb Code     0  startup_stm32f091xc.o(.text)
    TIM17_IRQHandler                         0x08000173   Thumb Code     0  startup_stm32f091xc.o(.text)
    TIM1_BRK_UP_TRG_COM_IRQHandler           0x08000173   Thumb Code     0  startup_stm32f091xc.o(.text)
    TIM1_CC_IRQHandler                       0x08000173   Thumb Code     0  startup_stm32f091xc.o(.text)
    TIM2_IRQHandler                          0x08000173   Thumb Code     0  startup_stm32f091xc.o(.text)
    TIM3_IRQHandler                          0x08000173   Thumb Code     0  startup_stm32f091xc.o(.text)
    TIM6_DAC_IRQHandler                      0x08000173   Thumb Code     0  startup_stm32f091xc.o(.text)
    TSC_IRQHandler                           0x08000173   Thumb Code     0  startup_stm32f091xc.o(.text)
    USART1_IRQHandler                        0x08000173   Thumb Code     0  startup_stm32f091xc.o(.text)
    USART2_IRQHandler                        0x08000173   Thumb Code     0  startup_stm32f091xc.o(.text)
    WWDG_IRQHandler                          0x08000173   Thumb Code     0  startup_stm32f091xc.o(.text)
    __user_initial_stackheap                 0x08000175   Thumb Code     0  startup_stm32f091xc.o(.text)
    __use_two_region_memory                  0x08000199   Thumb Code     2  heapauxi.o(.text)
    __rt_heap_escrow$2region                 0x0800019b   Thumb Code     2  heapauxi.o(.text)
    __rt_heap_expand$2region                 0x0800019d   Thumb Code     2  heapauxi.o(.text)
    __user_setup_stackheap                   0x0800019f   Thumb Code    62  sys_stackheap_outer.o(.text)
    exit                                     0x080001dd   Thumb Code    16  exit.o(.text)
    __user_libspace                          0x080001ed   Thumb Code     8  libspace.o(.text)
    __user_perproc_libspace                  0x080001ed   Thumb Code     0  libspace.o(.text)
    __user_perthread_libspace                0x080001ed   Thumb Code     0  libspace.o(.text)
    _sys_exit                                0x080001f5   Thumb Code     8  sys_exit.o(.text)
    __I$use$semihosting                      0x08000201   Thumb Code     0  use_no_semi.o(.text)
    __use_no_semihosting_swi                 0x08000201   Thumb Code     2  use_no_semi.o(.text)
    __semihosting_library_function           0x08000203   Thumb Code     0  indicate_semi.o(.text)
    ConfigureExternalIT                      0x08000205   Thumb Code    90  exti.o(i.ConfigureExternalIT)
    ConfigureGPIO                            0x08000275   Thumb Code   106  exti.o(i.ConfigureGPIO)
    Configure_GPIO_USART7                    0x080002e5   Thumb Code    42  uart.o(i.Configure_GPIO_USART7)
    Configure_USART7                         0x08000319   Thumb Code   102  uart.o(i.Configure_USART7)
    EXTI4_15_IRQHandler                      0x08000391   Thumb Code    48  main.o(i.EXTI4_15_IRQHandler)
    GetCurDateTimeRTC_BCD                    0x080003c5   Thumb Code   188  rtc.o(i.GetCurDateTimeRTC_BCD)
    HardFault_Handler                        0x0800048d   Thumb Code     4  main.o(i.HardFault_Handler)
    INIT_RTC_LSE                             0x08000491   Thumb Code    26  rtc.o(i.INIT_RTC_LSE)
    InitTimBasic                             0x080004b5   Thumb Code    72  tim_basic.o(i.InitTimBasic)
    NMI_Handler                              0x0800050d   Thumb Code     2  main.o(i.NMI_Handler)
    SendCurDateTime                          0x08000679   Thumb Code   168  main.o(i.SendCurDateTime)
    SetDateTimeRTC                           0x0800072d   Thumb Code    12  rtc.o(i.SetDateTimeRTC)
    SetSysClock                              0x08000739   Thumb Code   238  clock.o(i.SetSysClock)
    SystemInit                               0x08000831   Thumb Code   102  system_stm32f0xx.o(i.SystemInit)
    TIM7_IRQHandler                          0x080008a9   Thumb Code    64  main.o(i.TIM7_IRQHandler)
    USART3_8_IRQHandler                      0x080008f1   Thumb Code    90  main.o(i.USART3_8_IRQHandler)
    UartGetReceivedChar                      0x0800095d   Thumb Code   170  uart.o(i.UartGetReceivedChar)
    UartSendBytes                            0x08000a11   Thumb Code    36  uart.o(i.UartSendBytes)
    UartSendString                           0x08000a35   Thumb Code    36  uart.o(i.UartSendString)
    disable_rtc_init_state                   0x08000a59   Thumb Code    22  rtc.o(i.disable_rtc_init_state)
    enable_rtc_init_state                    0x08000a75   Thumb Code    38  rtc.o(i.enable_rtc_init_state)
    main                                     0x08000aa1   Thumb Code   112  main.o(i.main)
    rtc_byte2bcd                             0x08000b21   Thumb Code    26  rtc.o(i.rtc_byte2bcd)
    send_char                                0x08000b3d   Thumb Code    24  uart.o(i.send_char)
    send_cr                                  0x08000b59   Thumb Code    26  uart.o(i.send_cr)
    set_bcd_date_time                        0x08000b79   Thumb Code   102  rtc.o(i.set_bcd_date_time)
    start_getting_datetime                   0x08000bed   Thumb Code    70  main.o(i.start_getting_datetime)
    turn_rtc_lse_on                          0x08000c45   Thumb Code   120  rtc.o(i.turn_rtc_lse_on)
    Region$$Table$$Base                      0x08000cd0   Number         0  anon$$obj.o(Region$$Table)
    Region$$Table$$Limit                     0x08000cf0   Number         0  anon$$obj.o(Region$$Table)
    ary_dt_req                               0x20000000   Data          10  main.o(.data)
    str_dt_rec                               0x2000000c   Data           4  main.o(.data)
    ix_of_dt_answer                          0x20000010   Data           4  main.o(.data)
    stt_BCD_Date                             0x20000014   Data           7  main.o(.data)
    timb_ms_count                            0x2000001c   Data           4  main.o(.data)
    curState                                 0x20000020   Data           1  main.o(.data)
    ary_ack                                  0x20000024   Data           8  uart.o(.data)
    structReceivedChar                       0x2000002c   Data           8  uart.o(.data)
    ary_dt_answer                            0x20000034   Data          11  main.o(.bss)
    stt_BCD_Time                             0x20000040   Data          12  main.o(.bss)
    ary_dt_string                            0x2000004c   Data          21  main.o(.bss)
    __libspace_start                         0x20000064   Data          96  libspace.o(.bss)
    __temporary_stack_top$libspace           0x200000c4   Data           0  libspace.o(.bss)



==============================================================================

Memory Map of the image

  Image Entry point : 0x080000bd

  Load Region LR_IROM1 (Base: 0x08000000, Size: 0x00000d24, Max: 0x00040000, ABSOLUTE)

    Execution Region ER_IROM1 (Base: 0x08000000, Size: 0x00000cf0, Max: 0x00040000, ABSOLUTE)

    Base Addr    Size         Type   Attr      Idx    E Section Name        Object

    0x08000000   0x000000bc   Data   RO          368    RESET               startup_stm32f091xc.o
    0x080000bc   0x00000008   Code   RO          414  * !!!main             c_p.l(__main.o)
    0x080000c4   0x0000003c   Code   RO          583    !!!scatter          c_p.l(__scatter.o)
    0x08000100   0x0000001a   Code   RO          585    !!handler_copy      c_p.l(__scatter_copy.o)
    0x0800011a   0x00000002   PAD
    0x0800011c   0x0000001c   Code   RO          587    !!handler_zi        c_p.l(__scatter_zi.o)
    0x08000138   0x00000002   Code   RO          452    .ARM.Collect$$libinit$$00000000  c_p.l(libinit.o)
    0x0800013a   0x00000000   Code   RO          466    .ARM.Collect$$libinit$$00000002  c_p.l(libinit2.o)
    0x0800013a   0x00000000   Code   RO          468    .ARM.Collect$$libinit$$00000004  c_p.l(libinit2.o)
    0x0800013a   0x00000000   Code   RO          471    .ARM.Collect$$libinit$$0000000A  c_p.l(libinit2.o)
    0x0800013a   0x00000000   Code   RO          473    .ARM.Collect$$libinit$$0000000C  c_p.l(libinit2.o)
    0x0800013a   0x00000000   Code   RO          475    .ARM.Collect$$libinit$$0000000E  c_p.l(libinit2.o)
    0x0800013a   0x00000000   Code   RO          478    .ARM.Collect$$libinit$$00000011  c_p.l(libinit2.o)
    0x0800013a   0x00000000   Code   RO          480    .ARM.Collect$$libinit$$00000013  c_p.l(libinit2.o)
    0x0800013a   0x00000000   Code   RO          482    .ARM.Collect$$libinit$$00000015  c_p.l(libinit2.o)
    0x0800013a   0x00000000   Code   RO          484    .ARM.Collect$$libinit$$00000017  c_p.l(libinit2.o)
    0x0800013a   0x00000000   Code   RO          486    .ARM.Collect$$libinit$$00000019  c_p.l(libinit2.o)
    0x0800013a   0x00000000   Code   RO          488    .ARM.Collect$$libinit$$0000001B  c_p.l(libinit2.o)
    0x0800013a   0x00000000   Code   RO          490    .ARM.Collect$$libinit$$0000001D  c_p.l(libinit2.o)
    0x0800013a   0x00000000   Code   RO          492    .ARM.Collect$$libinit$$0000001F  c_p.l(libinit2.o)
    0x0800013a   0x00000000   Code   RO          494    .ARM.Collect$$libinit$$00000021  c_p.l(libinit2.o)
    0x0800013a   0x00000000   Code   RO          496    .ARM.Collect$$libinit$$00000023  c_p.l(libinit2.o)
    0x0800013a   0x00000000   Code   RO          498    .ARM.Collect$$libinit$$00000025  c_p.l(libinit2.o)
    0x0800013a   0x00000000   Code   RO          502    .ARM.Collect$$libinit$$0000002C  c_p.l(libinit2.o)
    0x0800013a   0x00000000   Code   RO          504    .ARM.Collect$$libinit$$0000002E  c_p.l(libinit2.o)
    0x0800013a   0x00000000   Code   RO          506    .ARM.Collect$$libinit$$00000030  c_p.l(libinit2.o)
    0x0800013a   0x00000000   Code   RO          508    .ARM.Collect$$libinit$$00000032  c_p.l(libinit2.o)
    0x0800013a   0x00000002   Code   RO          509    .ARM.Collect$$libinit$$00000033  c_p.l(libinit2.o)
    0x0800013c   0x00000002   Code   RO          540    .ARM.Collect$$libshutdown$$00000000  c_p.l(libshutdown.o)
    0x0800013e   0x00000000   Code   RO          566    .ARM.Collect$$libshutdown$$00000002  c_p.l(libshutdown2.o)
    0x0800013e   0x00000000   Code   RO          568    .ARM.Collect$$libshutdown$$00000004  c_p.l(libshutdown2.o)
    0x0800013e   0x00000000   Code   RO          571    .ARM.Collect$$libshutdown$$00000007  c_p.l(libshutdown2.o)
    0x0800013e   0x00000000   Code   RO          574    .ARM.Collect$$libshutdown$$0000000A  c_p.l(libshutdown2.o)
    0x0800013e   0x00000000   Code   RO          576    .ARM.Collect$$libshutdown$$0000000C  c_p.l(libshutdown2.o)
    0x0800013e   0x00000000   Code   RO          579    .ARM.Collect$$libshutdown$$0000000F  c_p.l(libshutdown2.o)
    0x0800013e   0x00000002   Code   RO          580    .ARM.Collect$$libshutdown$$00000010  c_p.l(libshutdown2.o)
    0x08000140   0x00000000   Code   RO          416    .ARM.Collect$$rtentry$$00000000  c_p.l(__rtentry.o)
    0x08000140   0x00000000   Code   RO          422    .ARM.Collect$$rtentry$$00000002  c_p.l(__rtentry2.o)
    0x08000140   0x00000006   Code   RO          434    .ARM.Collect$$rtentry$$00000004  c_p.l(__rtentry4.o)
    0x08000146   0x00000000   Code   RO          424    .ARM.Collect$$rtentry$$00000009  c_p.l(__rtentry2.o)
    0x08000146   0x00000004   Code   RO          425    .ARM.Collect$$rtentry$$0000000A  c_p.l(__rtentry2.o)
    0x0800014a   0x00000000   Code   RO          427    .ARM.Collect$$rtentry$$0000000C  c_p.l(__rtentry2.o)
    0x0800014a   0x00000008   Code   RO          428    .ARM.Collect$$rtentry$$0000000D  c_p.l(__rtentry2.o)
    0x08000152   0x00000002   Code   RO          457    .ARM.Collect$$rtexit$$00000000  c_p.l(rtexit.o)
    0x08000154   0x00000000   Code   RO          513    .ARM.Collect$$rtexit$$00000002  c_p.l(rtexit2.o)
    0x08000154   0x00000004   Code   RO          514    .ARM.Collect$$rtexit$$00000003  c_p.l(rtexit2.o)
    0x08000158   0x00000006   Code   RO          515    .ARM.Collect$$rtexit$$00000004  c_p.l(rtexit2.o)
    0x0800015e   0x00000002   PAD
    0x08000160   0x00000038   Code   RO          369    .text               startup_stm32f091xc.o
    0x08000198   0x00000006   Code   RO          412    .text               c_p.l(heapauxi.o)
    0x0800019e   0x0000003e   Code   RO          438    .text               c_p.l(sys_stackheap_outer.o)
    0x080001dc   0x00000010   Code   RO          441    .text               c_p.l(exit.o)
    0x080001ec   0x00000008   Code   RO          453    .text               c_p.l(libspace.o)
    0x080001f4   0x0000000c   Code   RO          510    .text               c_p.l(sys_exit.o)
    0x08000200   0x00000002   Code   RO          529    .text               c_p.l(use_no_semi.o)
    0x08000202   0x00000000   Code   RO          531    .text               c_p.l(indicate_semi.o)
    0x08000202   0x00000002   PAD
    0x08000204   0x00000070   Code   RO          208    i.ConfigureExternalIT  exti.o
    0x08000274   0x00000070   Code   RO          209    i.ConfigureGPIO     exti.o
    0x080002e4   0x00000034   Code   RO          111    i.Configure_GPIO_USART7  uart.o
    0x08000318   0x00000078   Code   RO          112    i.Configure_USART7  uart.o
    0x08000390   0x00000034   Code   RO            3    i.EXTI4_15_IRQHandler  main.o
    0x080003c4   0x000000c8   Code   RO          262    i.GetCurDateTimeRTC_BCD  rtc.o
    0x0800048c   0x00000004   Code   RO            4    i.HardFault_Handler  main.o
    0x08000490   0x00000024   Code   RO          264    i.INIT_RTC_LSE      rtc.o
    0x080004b4   0x00000058   Code   RO          343    i.InitTimBasic      tim_basic.o
    0x0800050c   0x00000002   Code   RO            5    i.NMI_Handler       main.o
    0x0800050e   0x00000002   PAD
    0x08000510   0x00000078   Code   RO          113    i.NVIC_SetPriority  uart.o
    0x08000588   0x00000078   Code   RO          210    i.NVIC_SetPriority  exti.o
    0x08000600   0x00000078   Code   RO          344    i.NVIC_SetPriority  tim_basic.o
    0x08000678   0x000000b4   Code   RO            6    i.SendCurDateTime   main.o
    0x0800072c   0x0000000c   Code   RO          265    i.SetDateTimeRTC    rtc.o
    0x08000738   0x000000f8   Code   RO          239    i.SetSysClock       clock.o
    0x08000830   0x00000078   Code   RO          376    i.SystemInit        system_stm32f0xx.o
    0x080008a8   0x00000048   Code   RO            7    i.TIM7_IRQHandler   main.o
    0x080008f0   0x0000006c   Code   RO            8    i.USART3_8_IRQHandler  main.o
    0x0800095c   0x000000b4   Code   RO          114    i.UartGetReceivedChar  uart.o
    0x08000a10   0x00000024   Code   RO          116    i.UartSendBytes     uart.o
    0x08000a34   0x00000024   Code   RO          119    i.UartSendString    uart.o
    0x08000a58   0x0000001c   Code   RO          319    i.disable_rtc_init_state  rtc.o
    0x08000a74   0x0000002c   Code   RO          313    i.enable_rtc_init_state  rtc.o
    0x08000aa0   0x00000080   Code   RO            9    i.main              main.o
    0x08000b20   0x0000001a   Code   RO          267    i.rtc_byte2bcd      rtc.o
    0x08000b3a   0x00000002   PAD
    0x08000b3c   0x0000001c   Code   RO          181    i.send_char         uart.o
    0x08000b58   0x00000020   Code   RO          176    i.send_cr           uart.o
    0x08000b78   0x00000074   Code   RO          268    i.set_bcd_date_time  rtc.o
    0x08000bec   0x00000058   Code   RO           10    i.start_getting_datetime  main.o
    0x08000c44   0x00000080   Code   RO          324    i.turn_rtc_lse_on   rtc.o
    0x08000cc4   0x0000000b   Data   RO           13    .conststring        main.o
    0x08000ccf   0x00000001   PAD
    0x08000cd0   0x00000020   Data   RO          581    Region$$Table       anon$$obj.o


    Execution Region RW_IRAM1 (Base: 0x20000000, Size: 0x000006c8, Max: 0x00008000, ABSOLUTE)

    Base Addr    Size         Type   Attr      Idx    E Section Name        Object

    0x20000000   0x00000021   Data   RW           14    .data               main.o
    0x20000021   0x00000003   PAD
    0x20000024   0x00000010   Data   RW          120    .data               uart.o
    0x20000034   0x0000002d   Zero   RW           11    .bss                main.o
    0x20000061   0x00000003   PAD
    0x20000064   0x00000060   Zero   RW          454    .bss                c_p.l(libspace.o)
    0x200000c4   0x00000004   PAD
    0x200000c8   0x00000200   Zero   RW          367    HEAP                startup_stm32f091xc.o
    0x200002c8   0x00000400   Zero   RW          366    STACK               startup_stm32f091xc.o


==============================================================================

Image component sizes


      Code (inc. data)   RO Data    RW Data    ZI Data      Debug   Object Name

       248         10          0          0          0        906   clock.o
       344         38          0          0          0       1510   exti.o
       634         76         11         33         45     201178   main.o
       590         56          0          0          0       5139   rtc.o
        56         26        188          0       1536        652   startup_stm32f091xc.o
       120         18          0          0          0        489   system_stm32f0xx.o
       208         26          0          0          0       1087   tim_basic.o
       604         58          0         16          0      11821   uart.o

    ----------------------------------------------------------------------
      2808        308        232         52       1584     222782   Object Totals
         0          0         32          0          0          0   (incl. Generated)
         4          0          1          3          3          0   (incl. Padding)

    ----------------------------------------------------------------------

      Code (inc. data)   RO Data    RW Data    ZI Data      Debug   Library Member Name

         8          0          0          0          0         68   __main.o
         0          0          0          0          0          0   __rtentry.o
        12          0          0          0          0          0   __rtentry2.o
         6          0          0          0          0          0   __rtentry4.o
        60          8          0          0          0          0   __scatter.o
        26          0          0          0          0          0   __scatter_copy.o
        28          0          0          0          0          0   __scatter_zi.o
        16          0          0          0          0         68   exit.o
         6          0          0          0          0        136   heapauxi.o
         0          0          0          0          0          0   indicate_semi.o
         2          0          0          0          0          0   libinit.o
         2          0          0          0          0          0   libinit2.o
         2          0          0          0          0          0   libshutdown.o
         2          0          0          0          0          0   libshutdown2.o
         8          4          0          0         96         68   libspace.o
         2          0          0          0          0          0   rtexit.o
        10          0          0          0          0          0   rtexit2.o
        12          4          0          0          0         60   sys_exit.o
        62          0          0          0          0         80   sys_stackheap_outer.o
         2          0          0          0          0         68   use_no_semi.o

    ----------------------------------------------------------------------
       272         16          0          0        100        548   Library Totals
         6          0          0          0          4          0   (incl. Padding)

    ----------------------------------------------------------------------

      Code (inc. data)   RO Data    RW Data    ZI Data      Debug   Library Name

       266         16          0          0         96        548   c_p.l

    ----------------------------------------------------------------------
       272         16          0          0        100        548   Library Totals

    ----------------------------------------------------------------------

==============================================================================


      Code (inc. data)   RO Data    RW Data    ZI Data      Debug   

      3080        324        232         52       1684     222006   Grand Totals
      3080        324        232         52       1684     222006   ELF Image Totals
      3080        324        232         52          0          0   ROM Totals

==============================================================================

    Total RO  Size (Code + RO Data)                 3312 (   3.23kB)
    Total RW  Size (RW Data + ZI Data)              1736 (   1.70kB)
    Total ROM Size (Code + RO Data + RW Data)       3364 (   3.29kB)

==============================================================================

